Command line invocation:
    /Applications/Xcode.app/Contents/Developer/usr/bin/xcodebuild -scheme Ezcar24Business -destination "platform=iOS Simulator,name=iPhone 17" build

Resolve Package Graph


Resolved source packages:
  swift-clocks: https://github.com/pointfreeco/swift-clocks @ 1.0.6
  swift-http-types: https://github.com/apple/swift-http-types.git @ 1.5.1
  xctest-dynamic-overlay: https://github.com/pointfreeco/xctest-dynamic-overlay @ 1.7.0
  swift-asn1: https://github.com/apple/swift-asn1.git @ 1.5.0
  swift-crypto: https://github.com/apple/swift-crypto.git @ 4.1.0
  swift-concurrency-extras: https://github.com/pointfreeco/swift-concurrency-extras @ 1.3.2
  Supabase: https://github.com/supabase-community/supabase-swift @ 2.37.0
  RevenueCat: https://github.com/RevenueCat/purchases-ios @ 5.48.0

ComputePackagePrebuildTargetDependencyGraph

Prepare packages

CreateBuildRequest

SendProjectDescription

CreateBuildOperation

ComputeTargetDependencyGraph
note: Building targets in dependency order
note: Target dependency graph (29 targets)
    Target 'Ezcar24Business' in project 'Ezcar24Business'
        ➜ Explicit dependency on target 'RevenueCatUI' in project 'RevenueCat'
        ➜ Explicit dependency on target 'Supabase' in project 'Supabase'
        ➜ Explicit dependency on target 'RevenueCat' in project 'RevenueCat'
    Target 'RevenueCat' in project 'RevenueCat'
        ➜ Explicit dependency on target 'RevenueCat' in project 'RevenueCat'
        ➜ Explicit dependency on target 'RevenueCat_RevenueCat' in project 'RevenueCat'
    Target 'Supabase' in project 'Supabase'
        ➜ Explicit dependency on target 'Supabase' in project 'Supabase'
        ➜ Explicit dependency on target 'Functions' in project 'Supabase'
        ➜ Explicit dependency on target 'PostgREST' in project 'Supabase'
        ➜ Explicit dependency on target 'Auth' in project 'Supabase'
        ➜ Explicit dependency on target 'Realtime' in project 'Supabase'
        ➜ Explicit dependency on target 'Storage' in project 'Supabase'
        ➜ Explicit dependency on target 'Helpers' in project 'Supabase'
        ➜ Explicit dependency on target 'ConcurrencyExtras' in project 'swift-concurrency-extras'
        ➜ Explicit dependency on target 'HTTPTypes' in project 'swift-http-types'
        ➜ Explicit dependency on target 'Clocks' in project 'swift-clocks'
        ➜ Explicit dependency on target 'XCTestDynamicOverlay' in project 'xctest-dynamic-overlay'
        ➜ Explicit dependency on target 'Crypto' in project 'swift-crypto'
        ➜ Explicit dependency on target 'IssueReporting' in project 'xctest-dynamic-overlay'
    Target 'Supabase' in project 'Supabase'
        ➜ Explicit dependency on target 'Helpers' in project 'Supabase'
        ➜ Explicit dependency on target 'Auth' in project 'Supabase'
        ➜ Explicit dependency on target 'Functions' in project 'Supabase'
        ➜ Explicit dependency on target 'PostgREST' in project 'Supabase'
        ➜ Explicit dependency on target 'Realtime' in project 'Supabase'
        ➜ Explicit dependency on target 'Storage' in project 'Supabase'
        ➜ Explicit dependency on target 'ConcurrencyExtras' in project 'swift-concurrency-extras'
        ➜ Explicit dependency on target 'HTTPTypes' in project 'swift-http-types'
        ➜ Explicit dependency on target 'Clocks' in project 'swift-clocks'
        ➜ Explicit dependency on target 'XCTestDynamicOverlay' in project 'xctest-dynamic-overlay'
        ➜ Explicit dependency on target 'Crypto' in project 'swift-crypto'
        ➜ Explicit dependency on target 'IssueReporting' in project 'xctest-dynamic-overlay'
    Target 'Storage' in project 'Supabase'
        ➜ Explicit dependency on target 'Helpers' in project 'Supabase'
        ➜ Explicit dependency on target 'ConcurrencyExtras' in project 'swift-concurrency-extras'
        ➜ Explicit dependency on target 'HTTPTypes' in project 'swift-http-types'
        ➜ Explicit dependency on target 'Clocks' in project 'swift-clocks'
        ➜ Explicit dependency on target 'XCTestDynamicOverlay' in project 'xctest-dynamic-overlay'
    Target 'Realtime' in project 'Supabase'
        ➜ Explicit dependency on target 'Helpers' in project 'Supabase'
        ➜ Explicit dependency on target 'ConcurrencyExtras' in project 'swift-concurrency-extras'
        ➜ Explicit dependency on target 'HTTPTypes' in project 'swift-http-types'
        ➜ Explicit dependency on target 'Clocks' in project 'swift-clocks'
        ➜ Explicit dependency on target 'XCTestDynamicOverlay' in project 'xctest-dynamic-overlay'
        ➜ Explicit dependency on target 'IssueReporting' in project 'xctest-dynamic-overlay'
    Target 'PostgREST' in project 'Supabase'
        ➜ Explicit dependency on target 'Helpers' in project 'Supabase'
        ➜ Explicit dependency on target 'ConcurrencyExtras' in project 'swift-concurrency-extras'
        ➜ Explicit dependency on target 'HTTPTypes' in project 'swift-http-types'
        ➜ Explicit dependency on target 'Clocks' in project 'swift-clocks'
        ➜ Explicit dependency on target 'XCTestDynamicOverlay' in project 'xctest-dynamic-overlay'
    Target 'Functions' in project 'Supabase'
        ➜ Explicit dependency on target 'Helpers' in project 'Supabase'
        ➜ Explicit dependency on target 'ConcurrencyExtras' in project 'swift-concurrency-extras'
        ➜ Explicit dependency on target 'HTTPTypes' in project 'swift-http-types'
        ➜ Explicit dependency on target 'Clocks' in project 'swift-clocks'
        ➜ Explicit dependency on target 'XCTestDynamicOverlay' in project 'xctest-dynamic-overlay'
    Target 'Auth' in project 'Supabase'
        ➜ Explicit dependency on target 'Helpers' in project 'Supabase'
        ➜ Explicit dependency on target 'ConcurrencyExtras' in project 'swift-concurrency-extras'
        ➜ Explicit dependency on target 'HTTPTypes' in project 'swift-http-types'
        ➜ Explicit dependency on target 'Clocks' in project 'swift-clocks'
        ➜ Explicit dependency on target 'XCTestDynamicOverlay' in project 'xctest-dynamic-overlay'
        ➜ Explicit dependency on target 'Crypto' in project 'swift-crypto'
    Target 'Crypto' in project 'swift-crypto'
        ➜ Explicit dependency on target 'Crypto' in project 'swift-crypto'
        ➜ Explicit dependency on target 'swift-crypto_Crypto' in project 'swift-crypto'
    Target 'Crypto' in project 'swift-crypto'
        ➜ Explicit dependency on target 'swift-crypto_Crypto' in project 'swift-crypto'
    Target 'swift-crypto_Crypto' in project 'swift-crypto' (no dependencies)
    Target 'Helpers' in project 'Supabase'
        ➜ Explicit dependency on target 'ConcurrencyExtras' in project 'swift-concurrency-extras'
        ➜ Explicit dependency on target 'HTTPTypes' in project 'swift-http-types'
        ➜ Explicit dependency on target 'Clocks' in project 'swift-clocks'
        ➜ Explicit dependency on target 'XCTestDynamicOverlay' in project 'xctest-dynamic-overlay'
    Target 'XCTestDynamicOverlay' in project 'xctest-dynamic-overlay'
        ➜ Explicit dependency on target 'XCTestDynamicOverlay' in project 'xctest-dynamic-overlay'
        ➜ Explicit dependency on target 'IssueReportingPackageSupport' in project 'xctest-dynamic-overlay'
        ➜ Explicit dependency on target 'IssueReporting' in project 'xctest-dynamic-overlay'
    Target 'XCTestDynamicOverlay' in project 'xctest-dynamic-overlay'
        ➜ Explicit dependency on target 'IssueReportingPackageSupport' in project 'xctest-dynamic-overlay'
        ➜ Explicit dependency on target 'IssueReporting' in project 'xctest-dynamic-overlay'
    Target 'Clocks' in project 'swift-clocks'
        ➜ Explicit dependency on target 'Clocks' in project 'swift-clocks'
        ➜ Explicit dependency on target 'ConcurrencyExtras' in project 'swift-concurrency-extras'
        ➜ Explicit dependency on target 'IssueReporting' in project 'xctest-dynamic-overlay'
    Target 'Clocks' in project 'swift-clocks'
        ➜ Explicit dependency on target 'ConcurrencyExtras' in project 'swift-concurrency-extras'
        ➜ Explicit dependency on target 'IssueReporting' in project 'xctest-dynamic-overlay'
    Target 'IssueReporting' in project 'xctest-dynamic-overlay'
        ➜ Explicit dependency on target 'IssueReporting' in project 'xctest-dynamic-overlay'
        ➜ Explicit dependency on target 'IssueReportingPackageSupport' in project 'xctest-dynamic-overlay'
    Target 'IssueReporting' in project 'xctest-dynamic-overlay'
        ➜ Explicit dependency on target 'IssueReportingPackageSupport' in project 'xctest-dynamic-overlay'
    Target 'IssueReportingPackageSupport' in project 'xctest-dynamic-overlay' (no dependencies)
    Target 'HTTPTypes' in project 'swift-http-types'
        ➜ Explicit dependency on target 'HTTPTypes' in project 'swift-http-types'
    Target 'HTTPTypes' in project 'swift-http-types' (no dependencies)
    Target 'ConcurrencyExtras' in project 'swift-concurrency-extras'
        ➜ Explicit dependency on target 'ConcurrencyExtras' in project 'swift-concurrency-extras'
    Target 'ConcurrencyExtras' in project 'swift-concurrency-extras' (no dependencies)
    Target 'RevenueCatUI' in project 'RevenueCat'
        ➜ Explicit dependency on target 'RevenueCatUI' in project 'RevenueCat'
        ➜ Explicit dependency on target 'RevenueCat_RevenueCatUI' in project 'RevenueCat'
        ➜ Explicit dependency on target 'RevenueCat' in project 'RevenueCat'
    Target 'RevenueCatUI' in project 'RevenueCat'
        ➜ Explicit dependency on target 'RevenueCat_RevenueCatUI' in project 'RevenueCat'
        ➜ Explicit dependency on target 'RevenueCat' in project 'RevenueCat'
    Target 'RevenueCat' in project 'RevenueCat'
        ➜ Explicit dependency on target 'RevenueCat_RevenueCat' in project 'RevenueCat'
    Target 'RevenueCat_RevenueCat' in project 'RevenueCat' (no dependencies)
    Target 'RevenueCat_RevenueCatUI' in project 'RevenueCat' (no dependencies)

GatherProvisioningInputs

CreateBuildDescription

ExecuteExternalTool /Applications/Xcode.app/Contents/Developer/Toolchains/XcodeDefault.xctoolchain/usr/bin/swiftc --version

ExecuteExternalTool /Applications/Xcode.app/Contents/Developer/usr/bin/actool --version --output-format xml1

ExecuteExternalTool /Applications/Xcode.app/Contents/Developer/Toolchains/XcodeDefault.xctoolchain/usr/bin/clang -v -E -dM -isysroot /Applications/Xcode.app/Contents/Developer/Platforms/iPhoneSimulator.platform/Developer/SDKs/iPhoneSimulator26.1.sdk -x c -c /dev/null

ExecuteExternalTool /Applications/Xcode.app/Contents/Developer/usr/bin/momc --dry-run --action generate --swift-version 5.0 --sdkroot /Applications/Xcode.app/Contents/Developer/Platforms/iPhoneSimulator.platform/Developer/SDKs/iPhoneSimulator26.1.sdk --iphonesimulator-deployment-target 17.0 --module Ezcar24Business /Users/shokhabbosmakhmudov/Desktop/Ezcar24business/Ezcar24Business/Models/Ezcar24Business.xcdatamodeld /Users/shokhabbosmakhmudov/Library/Developer/Xcode/DerivedData/Ezcar24Business-haghoydrcrynzqannzhndbfshvob/Build/Intermediates.noindex/Ezcar24Business.build/Debug-iphonesimulator/Ezcar24Business.build/DerivedSources/CoreDataGenerated/Ezcar24Business

ExecuteExternalTool /Applications/Xcode.app/Contents/Developer/usr/bin/actool --print-asset-tag-combinations --output-format xml1 /Users/shokhabbosmakhmudov/Desktop/Ezcar24business/Ezcar24Business/Assets.xcassets

ExecuteExternalTool /Applications/Xcode.app/Contents/Developer/Toolchains/XcodeDefault.xctoolchain/usr/bin/ld -version_details

ReadFileContents /Applications/Xcode.app/Contents/Developer/Toolchains/XcodeDefault.xctoolchain/usr/share/docc/features.json

Build description signature: 59924cd1f7f524b447d2389a5a8e122b
Build description path: /Users/shokhabbosmakhmudov/Library/Developer/Xcode/DerivedData/Ezcar24Business-haghoydrcrynzqannzhndbfshvob/Build/Intermediates.noindex/XCBuildData/59924cd1f7f524b447d2389a5a8e122b.xcbuilddata
ClangStatCache /Applications/Xcode.app/Contents/Developer/Toolchains/XcodeDefault.xctoolchain/usr/bin/clang-stat-cache /Applications/Xcode.app/Contents/Developer/Platforms/iPhoneSimulator.platform/Developer/SDKs/iPhoneSimulator26.1.sdk /Users/shokhabbosmakhmudov/Library/Developer/Xcode/DerivedData/SDKStatCaches.noindex/iphonesimulator26.1-23B77-90cf18a4295e390e64c810bc6bd7acbc.sdkstatcache
    cd /Users/shokhabbosmakhmudov/Desktop/Ezcar24business/Ezcar24Business.xcodeproj
    /Applications/Xcode.app/Contents/Developer/Toolchains/XcodeDefault.xctoolchain/usr/bin/clang-stat-cache /Applications/Xcode.app/Contents/Developer/Platforms/iPhoneSimulator.platform/Developer/SDKs/iPhoneSimulator26.1.sdk -o /Users/shokhabbosmakhmudov/Library/Developer/Xcode/DerivedData/SDKStatCaches.noindex/iphonesimulator26.1-23B77-90cf18a4295e390e64c810bc6bd7acbc.sdkstatcache

ProcessInfoPlistFile /Users/shokhabbosmakhmudov/Library/Developer/Xcode/DerivedData/Ezcar24Business-haghoydrcrynzqannzhndbfshvob/Build/Products/Debug-iphonesimulator/swift-crypto_Crypto.bundle/Info.plist /Users/shokhabbosmakhmudov/Library/Developer/Xcode/DerivedData/Ezcar24Business-haghoydrcrynzqannzhndbfshvob/Build/Intermediates.noindex/swift-crypto.build/Debug-iphonesimulator/swift-crypto_Crypto.build/empty-swift-crypto_Crypto.plist (in target 'swift-crypto_Crypto' from project 'swift-crypto')
    cd /Users/shokhabbosmakhmudov/Library/Developer/Xcode/DerivedData/Ezcar24Business-haghoydrcrynzqannzhndbfshvob/SourcePackages/checkouts/swift-crypto
    builtin-infoPlistUtility /Users/shokhabbosmakhmudov/Library/Developer/Xcode/DerivedData/Ezcar24Business-haghoydrcrynzqannzhndbfshvob/Build/Intermediates.noindex/swift-crypto.build/Debug-iphonesimulator/swift-crypto_Crypto.build/empty-swift-crypto_Crypto.plist -producttype com.apple.product-type.bundle -expandbuildsettings -format binary -platform iphonesimulator -o /Users/shokhabbosmakhmudov/Library/Developer/Xcode/DerivedData/Ezcar24Business-haghoydrcrynzqannzhndbfshvob/Build/Products/Debug-iphonesimulator/swift-crypto_Crypto.bundle/Info.plist

ProcessInfoPlistFile /Users/shokhabbosmakhmudov/Library/Developer/Xcode/DerivedData/Ezcar24Business-haghoydrcrynzqannzhndbfshvob/Build/Products/Debug-iphonesimulator/RevenueCat_RevenueCat.bundle/Info.plist /Users/shokhabbosmakhmudov/Library/Developer/Xcode/DerivedData/Ezcar24Business-haghoydrcrynzqannzhndbfshvob/Build/Intermediates.noindex/RevenueCat.build/Debug-iphonesimulator/RevenueCat_RevenueCat.build/empty-RevenueCat_RevenueCat.plist (in target 'RevenueCat_RevenueCat' from project 'RevenueCat')
    cd /Users/shokhabbosmakhmudov/Library/Developer/Xcode/DerivedData/Ezcar24Business-haghoydrcrynzqannzhndbfshvob/SourcePackages/checkouts/purchases-ios
    builtin-infoPlistUtility /Users/shokhabbosmakhmudov/Library/Developer/Xcode/DerivedData/Ezcar24Business-haghoydrcrynzqannzhndbfshvob/Build/Intermediates.noindex/RevenueCat.build/Debug-iphonesimulator/RevenueCat_RevenueCat.build/empty-RevenueCat_RevenueCat.plist -producttype com.apple.product-type.bundle -expandbuildsettings -format binary -platform iphonesimulator -o /Users/shokhabbosmakhmudov/Library/Developer/Xcode/DerivedData/Ezcar24Business-haghoydrcrynzqannzhndbfshvob/Build/Products/Debug-iphonesimulator/RevenueCat_RevenueCat.bundle/Info.plist

ProcessInfoPlistFile /Users/shokhabbosmakhmudov/Library/Developer/Xcode/DerivedData/Ezcar24Business-haghoydrcrynzqannzhndbfshvob/Build/Products/Debug-iphonesimulator/RevenueCat_RevenueCatUI.bundle/Info.plist /Users/shokhabbosmakhmudov/Library/Developer/Xcode/DerivedData/Ezcar24Business-haghoydrcrynzqannzhndbfshvob/Build/Intermediates.noindex/RevenueCat.build/Debug-iphonesimulator/RevenueCat_RevenueCatUI.build/empty-RevenueCat_RevenueCatUI.plist (in target 'RevenueCat_RevenueCatUI' from project 'RevenueCat')
    cd /Users/shokhabbosmakhmudov/Library/Developer/Xcode/DerivedData/Ezcar24Business-haghoydrcrynzqannzhndbfshvob/SourcePackages/checkouts/purchases-ios
    builtin-infoPlistUtility /Users/shokhabbosmakhmudov/Library/Developer/Xcode/DerivedData/Ezcar24Business-haghoydrcrynzqannzhndbfshvob/Build/Intermediates.noindex/RevenueCat.build/Debug-iphonesimulator/RevenueCat_RevenueCatUI.build/empty-RevenueCat_RevenueCatUI.plist -producttype com.apple.product-type.bundle -expandbuildsettings -format binary -platform iphonesimulator -additionalcontentfile /Users/shokhabbosmakhmudov/Library/Developer/Xcode/DerivedData/Ezcar24Business-haghoydrcrynzqannzhndbfshvob/Build/Intermediates.noindex/RevenueCat.build/Debug-iphonesimulator/RevenueCat_RevenueCatUI.build/assetcatalog_generated_info.plist -o /Users/shokhabbosmakhmudov/Library/Developer/Xcode/DerivedData/Ezcar24Business-haghoydrcrynzqannzhndbfshvob/Build/Products/Debug-iphonesimulator/RevenueCat_RevenueCatUI.bundle/Info.plist

ProcessProductPackaging "" /Users/shokhabbosmakhmudov/Library/Developer/Xcode/DerivedData/Ezcar24Business-haghoydrcrynzqannzhndbfshvob/Build/Intermediates.noindex/Ezcar24Business.build/Debug-iphonesimulator/Ezcar24Business.build/Ezcar24Business.app-Simulated.xcent (in target 'Ezcar24Business' from project 'Ezcar24Business')
    cd /Users/shokhabbosmakhmudov/Desktop/Ezcar24business
    
    Entitlements:
    
    {
    "application-identifier" = "2RCZ658ZDD.com.ezcar24.business";
}
    
    builtin-productPackagingUtility -entitlements -format xml -o /Users/shokhabbosmakhmudov/Library/Developer/Xcode/DerivedData/Ezcar24Business-haghoydrcrynzqannzhndbfshvob/Build/Intermediates.noindex/Ezcar24Business.build/Debug-iphonesimulator/Ezcar24Business.build/Ezcar24Business.app-Simulated.xcent

SwiftDriver RevenueCatUI normal arm64 com.apple.xcode.tools.swift.compiler (in target 'RevenueCatUI' from project 'RevenueCat')
    cd /Users/shokhabbosmakhmudov/Desktop/Ezcar24business/Ezcar24Business.xcodeproj
    builtin-SwiftDriver -- /Applications/Xcode.app/Contents/Developer/Toolchains/XcodeDefault.xctoolchain/usr/bin/swiftc -module-name RevenueCatUI -Onone -enforce-exclusivity\=checked @/Users/shokhabbosmakhmudov/Library/Developer/Xcode/DerivedData/Ezcar24Business-haghoydrcrynzqannzhndbfshvob/Build/Intermediates.noindex/RevenueCat.build/Debug-iphonesimulator/RevenueCatUI.build/Objects-normal/arm64/RevenueCatUI.SwiftFileList -DSWIFT_PACKAGE -DDEBUG -DSWIFT_MODULE_RESOURCE_BUNDLE_AVAILABLE -DXcode -plugin-path /Applications/Xcode.app/Contents/Developer/Toolchains/XcodeDefault.xctoolchain/usr/lib/swift/host/plugins/testing -enable-experimental-feature DebugDescriptionMacro -sdk /Applications/Xcode.app/Contents/Developer/Platforms/iPhoneSimulator.platform/Developer/SDKs/iPhoneSimulator26.1.sdk -target arm64-apple-ios13.0-simulator -g -module-cache-path /Users/shokhabbosmakhmudov/Library/Developer/Xcode/DerivedData/ModuleCache.noindex -Xfrontend -serialize-debugging-options -enable-testing -suppress-warnings -index-store-path /Users/shokhabbosmakhmudov/Library/Developer/Xcode/DerivedData/Ezcar24Business-haghoydrcrynzqannzhndbfshvob/Index.noindex/DataStore -Xcc -D_LIBCPP_HARDENING_MODE\=_LIBCPP_HARDENING_MODE_DEBUG -swift-version 5 -I /Users/shokhabbosmakhmudov/Library/Developer/Xcode/DerivedData/Ezcar24Business-haghoydrcrynzqannzhndbfshvob/Build/Products/Debug-iphonesimulator -Isystem /Applications/Xcode.app/Contents/Developer/Platforms/iPhoneSimulator.platform/Developer/usr/lib -F /Users/shokhabbosmakhmudov/Library/Developer/Xcode/DerivedData/Ezcar24Business-haghoydrcrynzqannzhndbfshvob/Build/Products/Debug-iphonesimulator/PackageFrameworks -F /Users/shokhabbosmakhmudov/Library/Developer/Xcode/DerivedData/Ezcar24Business-haghoydrcrynzqannzhndbfshvob/Build/Products/Debug-iphonesimulator -F /Applications/Xcode.app/Contents/Developer/Platforms/iPhoneSimulator.platform/Developer/Library/Frameworks -F /Applications/Xcode.app/Contents/Developer/Platforms/iPhoneSimulator.platform/Developer/SDKs/iPhoneSimulator26.1.sdk/Developer/Library/Frameworks -emit-localized-strings -emit-localized-strings-path /Users/shokhabbosmakhmudov/Library/Developer/Xcode/DerivedData/Ezcar24Business-haghoydrcrynzqannzhndbfshvob/Build/Intermediates.noindex/RevenueCat.build/Debug-iphonesimulator/RevenueCatUI.build/Objects-normal/arm64 -c -j10 -enable-batch-mode -incremental -Xcc -ivfsstatcache -Xcc /Users/shokhabbosmakhmudov/Library/Developer/Xcode/DerivedData/SDKStatCaches.noindex/iphonesimulator26.1-23B77-90cf18a4295e390e64c810bc6bd7acbc.sdkstatcache -output-file-map /Users/shokhabbosmakhmudov/Library/Developer/Xcode/DerivedData/Ezcar24Business-haghoydrcrynzqannzhndbfshvob/Build/Intermediates.noindex/RevenueCat.build/Debug-iphonesimulator/RevenueCatUI.build/Objects-normal/arm64/RevenueCatUI-OutputFileMap.json -use-frontend-parseable-output -save-temps -no-color-diagnostics -explicit-module-build -module-cache-path /Users/shokhabbosmakhmudov/Library/Developer/Xcode/DerivedData/Ezcar24Business-haghoydrcrynzqannzhndbfshvob/Build/Intermediates.noindex/SwiftExplicitPrecompiledModules -clang-scanner-module-cache-path /Users/shokhabbosmakhmudov/Library/Developer/Xcode/DerivedData/ModuleCache.noindex -sdk-module-cache-path /Users/shokhabbosmakhmudov/Library/Developer/Xcode/DerivedData/ModuleCache.noindex -serialize-diagnostics -emit-dependencies -emit-module -emit-module-path /Users/shokhabbosmakhmudov/Library/Developer/Xcode/DerivedData/Ezcar24Business-haghoydrcrynzqannzhndbfshvob/Build/Intermediates.noindex/RevenueCat.build/Debug-iphonesimulator/RevenueCatUI.build/Objects-normal/arm64/RevenueCatUI.swiftmodule -validate-clang-modules-once -clang-build-session-file /Users/shokhabbosmakhmudov/Library/Developer/Xcode/DerivedData/ModuleCache.noindex/Session.modulevalidation -package-name purchases_ios -Xcc -I/Users/shokhabbosmakhmudov/Library/Developer/Xcode/DerivedData/Ezcar24Business-haghoydrcrynzqannzhndbfshvob/Build/Intermediates.noindex/RevenueCat.build/Debug-iphonesimulator/RevenueCatUI.build/swift-overrides.hmap -emit-const-values -Xfrontend -const-gather-protocols-file -Xfrontend /Users/shokhabbosmakhmudov/Library/Developer/Xcode/DerivedData/Ezcar24Business-haghoydrcrynzqannzhndbfshvob/Build/Intermediates.noindex/RevenueCat.build/Debug-iphonesimulator/RevenueCatUI.build/Objects-normal/arm64/RevenueCatUI_const_extract_protocols.json -Xcc -I/Users/shokhabbosmakhmudov/Library/Developer/Xcode/DerivedData/Ezcar24Business-haghoydrcrynzqannzhndbfshvob/Build/Products/Debug-iphonesimulator/include -Xcc -I/Users/shokhabbosmakhmudov/Library/Developer/Xcode/DerivedData/Ezcar24Business-haghoydrcrynzqannzhndbfshvob/Build/Intermediates.noindex/RevenueCat.build/Debug-iphonesimulator/RevenueCatUI.build/DerivedSources-normal/arm64 -Xcc -I/Users/shokhabbosmakhmudov/Library/Developer/Xcode/DerivedData/Ezcar24Business-haghoydrcrynzqannzhndbfshvob/Build/Intermediates.noindex/RevenueCat.build/Debug-iphonesimulator/RevenueCatUI.build/DerivedSources/arm64 -Xcc -I/Users/shokhabbosmakhmudov/Library/Developer/Xcode/DerivedData/Ezcar24Business-haghoydrcrynzqannzhndbfshvob/Build/Intermediates.noindex/RevenueCat.build/Debug-iphonesimulator/RevenueCatUI.build/DerivedSources -Xcc -DSWIFT_PACKAGE -Xcc -DDEBUG\=1 -emit-objc-header -emit-objc-header-path /Users/shokhabbosmakhmudov/Library/Developer/Xcode/DerivedData/Ezcar24Business-haghoydrcrynzqannzhndbfshvob/Build/Intermediates.noindex/RevenueCat.build/Debug-iphonesimulator/RevenueCatUI.build/Objects-normal/arm64/RevenueCatUI-Swift.h -working-directory /Users/shokhabbosmakhmudov/Desktop/Ezcar24business/Ezcar24Business.xcodeproj -experimental-emit-module-separately -disable-cmo

SwiftDriver Auth normal arm64 com.apple.xcode.tools.swift.compiler (in target 'Auth' from project 'Supabase')
    cd /Users/shokhabbosmakhmudov/Desktop/Ezcar24business/Ezcar24Business.xcodeproj
    builtin-SwiftDriver -- /Applications/Xcode.app/Contents/Developer/Toolchains/XcodeDefault.xctoolchain/usr/bin/swiftc -module-name Auth -Onone -enforce-exclusivity\=checked @/Users/shokhabbosmakhmudov/Library/Developer/Xcode/DerivedData/Ezcar24Business-haghoydrcrynzqannzhndbfshvob/Build/Intermediates.noindex/Supabase.build/Debug-iphonesimulator/Auth.build/Objects-normal/arm64/Auth.SwiftFileList -DSWIFT_PACKAGE -DDEBUG -DSWIFT_MODULE_RESOURCE_BUNDLE_UNAVAILABLE -DXcode -enable-upcoming-feature ExistentialAny -enable-experimental-feature StrictConcurrency -plugin-path /Applications/Xcode.app/Contents/Developer/Toolchains/XcodeDefault.xctoolchain/usr/lib/swift/host/plugins/testing -enable-experimental-feature DebugDescriptionMacro -sdk /Applications/Xcode.app/Contents/Developer/Platforms/iPhoneSimulator.platform/Developer/SDKs/iPhoneSimulator26.1.sdk -target arm64-apple-ios13.0-simulator -g -module-cache-path /Users/shokhabbosmakhmudov/Library/Developer/Xcode/DerivedData/ModuleCache.noindex -Xfrontend -serialize-debugging-options -enable-testing -suppress-warnings -index-store-path /Users/shokhabbosmakhmudov/Library/Developer/Xcode/DerivedData/Ezcar24Business-haghoydrcrynzqannzhndbfshvob/Index.noindex/DataStore -Xcc -D_LIBCPP_HARDENING_MODE\=_LIBCPP_HARDENING_MODE_DEBUG -swift-version 5 -I /Users/shokhabbosmakhmudov/Library/Developer/Xcode/DerivedData/Ezcar24Business-haghoydrcrynzqannzhndbfshvob/Build/Products/Debug-iphonesimulator -Isystem /Applications/Xcode.app/Contents/Developer/Platforms/iPhoneSimulator.platform/Developer/usr/lib -F /Users/shokhabbosmakhmudov/Library/Developer/Xcode/DerivedData/Ezcar24Business-haghoydrcrynzqannzhndbfshvob/Build/Products/Debug-iphonesimulator/PackageFrameworks -F /Users/shokhabbosmakhmudov/Library/Developer/Xcode/DerivedData/Ezcar24Business-haghoydrcrynzqannzhndbfshvob/Build/Products/Debug-iphonesimulator/PackageFrameworks -F /Users/shokhabbosmakhmudov/Library/Developer/Xcode/DerivedData/Ezcar24Business-haghoydrcrynzqannzhndbfshvob/Build/Products/Debug-iphonesimulator/PackageFrameworks -F /Users/shokhabbosmakhmudov/Library/Developer/Xcode/DerivedData/Ezcar24Business-haghoydrcrynzqannzhndbfshvob/Build/Products/Debug-iphonesimulator/PackageFrameworks -F /Users/shokhabbosmakhmudov/Library/Developer/Xcode/DerivedData/Ezcar24Business-haghoydrcrynzqannzhndbfshvob/Build/Products/Debug-iphonesimulator/PackageFrameworks -F /Users/shokhabbosmakhmudov/Library/Developer/Xcode/DerivedData/Ezcar24Business-haghoydrcrynzqannzhndbfshvob/Build/Products/Debug-iphonesimulator/PackageFrameworks -F /Users/shokhabbosmakhmudov/Library/Developer/Xcode/DerivedData/Ezcar24Business-haghoydrcrynzqannzhndbfshvob/Build/Products/Debug-iphonesimulator/PackageFrameworks -F /Users/shokhabbosmakhmudov/Library/Developer/Xcode/DerivedData/Ezcar24Business-haghoydrcrynzqannzhndbfshvob/Build/Products/Debug-iphonesimulator/PackageFrameworks -F /Users/shokhabbosmakhmudov/Library/Developer/Xcode/DerivedData/Ezcar24Business-haghoydrcrynzqannzhndbfshvob/Build/Products/Debug-iphonesimulator -F /Applications/Xcode.app/Contents/Developer/Platforms/iPhoneSimulator.platform/Developer/Library/Frameworks -F /Applications/Xcode.app/Contents/Developer/Platforms/iPhoneSimulator.platform/Developer/SDKs/iPhoneSimulator26.1.sdk/Developer/Library/Frameworks -c -j10 -enable-batch-mode -incremental -Xcc -ivfsstatcache -Xcc /Users/shokhabbosmakhmudov/Library/Developer/Xcode/DerivedData/SDKStatCaches.noindex/iphonesimulator26.1-23B77-90cf18a4295e390e64c810bc6bd7acbc.sdkstatcache -output-file-map /Users/shokhabbosmakhmudov/Library/Developer/Xcode/DerivedData/Ezcar24Business-haghoydrcrynzqannzhndbfshvob/Build/Intermediates.noindex/Supabase.build/Debug-iphonesimulator/Auth.build/Objects-normal/arm64/Auth-OutputFileMap.json -use-frontend-parseable-output -save-temps -no-color-diagnostics -explicit-module-build -module-cache-path /Users/shokhabbosmakhmudov/Library/Developer/Xcode/DerivedData/Ezcar24Business-haghoydrcrynzqannzhndbfshvob/Build/Intermediates.noindex/SwiftExplicitPrecompiledModules -clang-scanner-module-cache-path /Users/shokhabbosmakhmudov/Library/Developer/Xcode/DerivedData/ModuleCache.noindex -sdk-module-cache-path /Users/shokhabbosmakhmudov/Library/Developer/Xcode/DerivedData/ModuleCache.noindex -serialize-diagnostics -emit-dependencies -emit-module -emit-module-path /Users/shokhabbosmakhmudov/Library/Developer/Xcode/DerivedData/Ezcar24Business-haghoydrcrynzqannzhndbfshvob/Build/Intermediates.noindex/Supabase.build/Debug-iphonesimulator/Auth.build/Objects-normal/arm64/Auth.swiftmodule -validate-clang-modules-once -clang-build-session-file /Users/shokhabbosmakhmudov/Library/Developer/Xcode/DerivedData/ModuleCache.noindex/Session.modulevalidation -package-name supabase_swift -Xcc -I/Users/shokhabbosmakhmudov/Library/Developer/Xcode/DerivedData/Ezcar24Business-haghoydrcrynzqannzhndbfshvob/Build/Intermediates.noindex/Supabase.build/Debug-iphonesimulator/Auth.build/swift-overrides.hmap -emit-const-values -Xfrontend -const-gather-protocols-file -Xfrontend /Users/shokhabbosmakhmudov/Library/Developer/Xcode/DerivedData/Ezcar24Business-haghoydrcrynzqannzhndbfshvob/Build/Intermediates.noindex/Supabase.build/Debug-iphonesimulator/Auth.build/Objects-normal/arm64/Auth_const_extract_protocols.json -Xcc -I/Users/shokhabbosmakhmudov/Library/Developer/Xcode/DerivedData/Ezcar24Business-haghoydrcrynzqannzhndbfshvob/Build/Products/Debug-iphonesimulator/include -Xcc -I/Users/shokhabbosmakhmudov/Library/Developer/Xcode/DerivedData/Ezcar24Business-haghoydrcrynzqannzhndbfshvob/Build/Intermediates.noindex/Supabase.build/Debug-iphonesimulator/Auth.build/DerivedSources-normal/arm64 -Xcc -I/Users/shokhabbosmakhmudov/Library/Developer/Xcode/DerivedData/Ezcar24Business-haghoydrcrynzqannzhndbfshvob/Build/Intermediates.noindex/Supabase.build/Debug-iphonesimulator/Auth.build/DerivedSources/arm64 -Xcc -I/Users/shokhabbosmakhmudov/Library/Developer/Xcode/DerivedData/Ezcar24Business-haghoydrcrynzqannzhndbfshvob/Build/Intermediates.noindex/Supabase.build/Debug-iphonesimulator/Auth.build/DerivedSources -Xcc -DSWIFT_PACKAGE -Xcc -DDEBUG\=1 -emit-objc-header -emit-objc-header-path /Users/shokhabbosmakhmudov/Library/Developer/Xcode/DerivedData/Ezcar24Business-haghoydrcrynzqannzhndbfshvob/Build/Intermediates.noindex/Supabase.build/Debug-iphonesimulator/Auth.build/Objects-normal/arm64/Auth-Swift.h -working-directory /Users/shokhabbosmakhmudov/Desktop/Ezcar24business/Ezcar24Business.xcodeproj -experimental-emit-module-separately -disable-cmo

ProcessProductPackagingDER /Users/shokhabbosmakhmudov/Library/Developer/Xcode/DerivedData/Ezcar24Business-haghoydrcrynzqannzhndbfshvob/Build/Intermediates.noindex/Ezcar24Business.build/Debug-iphonesimulator/Ezcar24Business.build/Ezcar24Business.app-Simulated.xcent /Users/shokhabbosmakhmudov/Library/Developer/Xcode/DerivedData/Ezcar24Business-haghoydrcrynzqannzhndbfshvob/Build/Intermediates.noindex/Ezcar24Business.build/Debug-iphonesimulator/Ezcar24Business.build/Ezcar24Business.app-Simulated.xcent.der (in target 'Ezcar24Business' from project 'Ezcar24Business')
    cd /Users/shokhabbosmakhmudov/Desktop/Ezcar24business
    /usr/bin/derq query -f xml -i /Users/shokhabbosmakhmudov/Library/Developer/Xcode/DerivedData/Ezcar24Business-haghoydrcrynzqannzhndbfshvob/Build/Intermediates.noindex/Ezcar24Business.build/Debug-iphonesimulator/Ezcar24Business.build/Ezcar24Business.app-Simulated.xcent -o /Users/shokhabbosmakhmudov/Library/Developer/Xcode/DerivedData/Ezcar24Business-haghoydrcrynzqannzhndbfshvob/Build/Intermediates.noindex/Ezcar24Business.build/Debug-iphonesimulator/Ezcar24Business.build/Ezcar24Business.app-Simulated.xcent.der --raw

SwiftDriver Ezcar24Business normal arm64 com.apple.xcode.tools.swift.compiler (in target 'Ezcar24Business' from project 'Ezcar24Business')
    cd /Users/shokhabbosmakhmudov/Desktop/Ezcar24business
    builtin-SwiftDriver -- /Applications/Xcode.app/Contents/Developer/Toolchains/XcodeDefault.xctoolchain/usr/bin/swiftc -module-name Ezcar24Business -Onone -enforce-exclusivity\=checked @/Users/shokhabbosmakhmudov/Library/Developer/Xcode/DerivedData/Ezcar24Business-haghoydrcrynzqannzhndbfshvob/Build/Intermediates.noindex/Ezcar24Business.build/Debug-iphonesimulator/Ezcar24Business.build/Objects-normal/arm64/Ezcar24Business.SwiftFileList -DDEBUG -enable-bare-slash-regex -enable-experimental-feature DebugDescriptionMacro -sdk /Applications/Xcode.app/Contents/Developer/Platforms/iPhoneSimulator.platform/Developer/SDKs/iPhoneSimulator26.1.sdk -target arm64-apple-ios17.0-simulator -g -module-cache-path /Users/shokhabbosmakhmudov/Library/Developer/Xcode/DerivedData/ModuleCache.noindex -Xfrontend -serialize-debugging-options -enable-testing -index-store-path /Users/shokhabbosmakhmudov/Library/Developer/Xcode/DerivedData/Ezcar24Business-haghoydrcrynzqannzhndbfshvob/Index.noindex/DataStore -Xcc -D_LIBCPP_HARDENING_MODE\=_LIBCPP_HARDENING_MODE_DEBUG -swift-version 5 -I /Users/shokhabbosmakhmudov/Library/Developer/Xcode/DerivedData/Ezcar24Business-haghoydrcrynzqannzhndbfshvob/Build/Products/Debug-iphonesimulator -F /Users/shokhabbosmakhmudov/Library/Developer/Xcode/DerivedData/Ezcar24Business-haghoydrcrynzqannzhndbfshvob/Build/Products/Debug-iphonesimulator/PackageFrameworks -F /Users/shokhabbosmakhmudov/Library/Developer/Xcode/DerivedData/Ezcar24Business-haghoydrcrynzqannzhndbfshvob/Build/Products/Debug-iphonesimulator/PackageFrameworks -F /Users/shokhabbosmakhmudov/Library/Developer/Xcode/DerivedData/Ezcar24Business-haghoydrcrynzqannzhndbfshvob/Build/Products/Debug-iphonesimulator/PackageFrameworks -F /Users/shokhabbosmakhmudov/Library/Developer/Xcode/DerivedData/Ezcar24Business-haghoydrcrynzqannzhndbfshvob/Build/Products/Debug-iphonesimulator/PackageFrameworks -F /Users/shokhabbosmakhmudov/Library/Developer/Xcode/DerivedData/Ezcar24Business-haghoydrcrynzqannzhndbfshvob/Build/Products/Debug-iphonesimulator/PackageFrameworks -F /Users/shokhabbosmakhmudov/Library/Developer/Xcode/DerivedData/Ezcar24Business-haghoydrcrynzqannzhndbfshvob/Build/Products/Debug-iphonesimulator/PackageFrameworks -F /Users/shokhabbosmakhmudov/Library/Developer/Xcode/DerivedData/Ezcar24Business-haghoydrcrynzqannzhndbfshvob/Build/Products/Debug-iphonesimulator/PackageFrameworks -F /Users/shokhabbosmakhmudov/Library/Developer/Xcode/DerivedData/Ezcar24Business-haghoydrcrynzqannzhndbfshvob/Build/Products/Debug-iphonesimulator/PackageFrameworks -F /Users/shokhabbosmakhmudov/Library/Developer/Xcode/DerivedData/Ezcar24Business-haghoydrcrynzqannzhndbfshvob/Build/Products/Debug-iphonesimulator/PackageFrameworks -F /Users/shokhabbosmakhmudov/Library/Developer/Xcode/DerivedData/Ezcar24Business-haghoydrcrynzqannzhndbfshvob/Build/Products/Debug-iphonesimulator/PackageFrameworks -F /Users/shokhabbosmakhmudov/Library/Developer/Xcode/DerivedData/Ezcar24Business-haghoydrcrynzqannzhndbfshvob/Build/Products/Debug-iphonesimulator/PackageFrameworks -F /Users/shokhabbosmakhmudov/Library/Developer/Xcode/DerivedData/Ezcar24Business-haghoydrcrynzqannzhndbfshvob/Build/Products/Debug-iphonesimulator/PackageFrameworks -F /Users/shokhabbosmakhmudov/Library/Developer/Xcode/DerivedData/Ezcar24Business-haghoydrcrynzqannzhndbfshvob/Build/Products/Debug-iphonesimulator/PackageFrameworks -F /Users/shokhabbosmakhmudov/Library/Developer/Xcode/DerivedData/Ezcar24Business-haghoydrcrynzqannzhndbfshvob/Build/Products/Debug-iphonesimulator/PackageFrameworks -F /Users/shokhabbosmakhmudov/Library/Developer/Xcode/DerivedData/Ezcar24Business-haghoydrcrynzqannzhndbfshvob/Build/Products/Debug-iphonesimulator/PackageFrameworks -F /Users/shokhabbosmakhmudov/Library/Developer/Xcode/DerivedData/Ezcar24Business-haghoydrcrynzqannzhndbfshvob/Build/Products/Debug-iphonesimulator/PackageFrameworks -F /Users/shokhabbosmakhmudov/Library/Developer/Xcode/DerivedData/Ezcar24Business-haghoydrcrynzqannzhndbfshvob/Build/Products/Debug-iphonesimulator -emit-localized-strings -emit-localized-strings-path /Users/shokhabbosmakhmudov/Library/Developer/Xcode/DerivedData/Ezcar24Business-haghoydrcrynzqannzhndbfshvob/Build/Intermediates.noindex/Ezcar24Business.build/Debug-iphonesimulator/Ezcar24Business.build/Objects-normal/arm64 -c -j10 -enable-batch-mode -incremental -Xcc -ivfsstatcache -Xcc /Users/shokhabbosmakhmudov/Library/Developer/Xcode/DerivedData/SDKStatCaches.noindex/iphonesimulator26.1-23B77-90cf18a4295e390e64c810bc6bd7acbc.sdkstatcache -output-file-map /Users/shokhabbosmakhmudov/Library/Developer/Xcode/DerivedData/Ezcar24Business-haghoydrcrynzqannzhndbfshvob/Build/Intermediates.noindex/Ezcar24Business.build/Debug-iphonesimulator/Ezcar24Business.build/Objects-normal/arm64/Ezcar24Business-OutputFileMap.json -use-frontend-parseable-output -save-temps -no-color-diagnostics -explicit-module-build -module-cache-path /Users/shokhabbosmakhmudov/Library/Developer/Xcode/DerivedData/Ezcar24Business-haghoydrcrynzqannzhndbfshvob/Build/Intermediates.noindex/SwiftExplicitPrecompiledModules -clang-scanner-module-cache-path /Users/shokhabbosmakhmudov/Library/Developer/Xcode/DerivedData/ModuleCache.noindex -sdk-module-cache-path /Users/shokhabbosmakhmudov/Library/Developer/Xcode/DerivedData/ModuleCache.noindex -serialize-diagnostics -emit-dependencies -emit-module -emit-module-path /Users/shokhabbosmakhmudov/Library/Developer/Xcode/DerivedData/Ezcar24Business-haghoydrcrynzqannzhndbfshvob/Build/Intermediates.noindex/Ezcar24Business.build/Debug-iphonesimulator/Ezcar24Business.build/Objects-normal/arm64/Ezcar24Business.swiftmodule -validate-clang-modules-once -clang-build-session-file /Users/shokhabbosmakhmudov/Library/Developer/Xcode/DerivedData/ModuleCache.noindex/Session.modulevalidation -Xcc -I/Users/shokhabbosmakhmudov/Library/Developer/Xcode/DerivedData/Ezcar24Business-haghoydrcrynzqannzhndbfshvob/Build/Intermediates.noindex/Ezcar24Business.build/Debug-iphonesimulator/Ezcar24Business.build/swift-overrides.hmap -emit-const-values -Xfrontend -const-gather-protocols-file -Xfrontend /Users/shokhabbosmakhmudov/Library/Developer/Xcode/DerivedData/Ezcar24Business-haghoydrcrynzqannzhndbfshvob/Build/Intermediates.noindex/Ezcar24Business.build/Debug-iphonesimulator/Ezcar24Business.build/Objects-normal/arm64/Ezcar24Business_const_extract_protocols.json -Xcc -iquote -Xcc /Users/shokhabbosmakhmudov/Library/Developer/Xcode/DerivedData/Ezcar24Business-haghoydrcrynzqannzhndbfshvob/Build/Intermediates.noindex/Ezcar24Business.build/Debug-iphonesimulator/Ezcar24Business.build/Ezcar24Business-generated-files.hmap -Xcc -I/Users/shokhabbosmakhmudov/Library/Developer/Xcode/DerivedData/Ezcar24Business-haghoydrcrynzqannzhndbfshvob/Build/Intermediates.noindex/Ezcar24Business.build/Debug-iphonesimulator/Ezcar24Business.build/Ezcar24Business-own-target-headers.hmap -Xcc -I/Users/shokhabbosmakhmudov/Library/Developer/Xcode/DerivedData/Ezcar24Business-haghoydrcrynzqannzhndbfshvob/Build/Intermediates.noindex/Ezcar24Business.build/Debug-iphonesimulator/Ezcar24Business.build/Ezcar24Business-all-non-framework-target-headers.hmap -Xcc -ivfsoverlay -Xcc /Users/shokhabbosmakhmudov/Library/Developer/Xcode/DerivedData/Ezcar24Business-haghoydrcrynzqannzhndbfshvob/Build/Intermediates.noindex/Ezcar24Business.build/Debug-iphonesimulator/Ezcar24Business-7a1319ddcd00cdc1cde80f527e393d38-VFS-iphonesimulator/all-product-headers.yaml -Xcc -iquote -Xcc /Users/shokhabbosmakhmudov/Library/Developer/Xcode/DerivedData/Ezcar24Business-haghoydrcrynzqannzhndbfshvob/Build/Intermediates.noindex/Ezcar24Business.build/Debug-iphonesimulator/Ezcar24Business.build/Ezcar24Business-project-headers.hmap -Xcc -I/Users/shokhabbosmakhmudov/Library/Developer/Xcode/DerivedData/Ezcar24Business-haghoydrcrynzqannzhndbfshvob/Build/Products/Debug-iphonesimulator/include -Xcc -I/Users/shokhabbosmakhmudov/Library/Developer/Xcode/DerivedData/Ezcar24Business-haghoydrcrynzqannzhndbfshvob/Build/Intermediates.noindex/Ezcar24Business.build/Debug-iphonesimulator/Ezcar24Business.build/DerivedSources-normal/arm64 -Xcc -I/Users/shokhabbosmakhmudov/Library/Developer/Xcode/DerivedData/Ezcar24Business-haghoydrcrynzqannzhndbfshvob/Build/Intermediates.noindex/Ezcar24Business.build/Debug-iphonesimulator/Ezcar24Business.build/DerivedSources/arm64 -Xcc -I/Users/shokhabbosmakhmudov/Library/Developer/Xcode/DerivedData/Ezcar24Business-haghoydrcrynzqannzhndbfshvob/Build/Intermediates.noindex/Ezcar24Business.build/Debug-iphonesimulator/Ezcar24Business.build/DerivedSources -Xcc -DDEBUG\=1 -emit-objc-header -emit-objc-header-path /Users/shokhabbosmakhmudov/Library/Developer/Xcode/DerivedData/Ezcar24Business-haghoydrcrynzqannzhndbfshvob/Build/Intermediates.noindex/Ezcar24Business.build/Debug-iphonesimulator/Ezcar24Business.build/Objects-normal/arm64/Ezcar24Business-Swift.h -working-directory /Users/shokhabbosmakhmudov/Desktop/Ezcar24business -experimental-emit-module-separately -disable-cmo

SwiftEmitModule normal arm64 Emitting\ module\ for\ Auth (in target 'Auth' from project 'Supabase')
EmitSwiftModule normal arm64 (in target 'Auth' from project 'Supabase')
    cd /Users/shokhabbosmakhmudov/Desktop/Ezcar24business/Ezcar24Business.xcodeproj
    

SwiftCompile normal arm64 Compiling\ WinCredLocalStorage.swift /Users/shokhabbosmakhmudov/Library/Developer/Xcode/DerivedData/Ezcar24Business-haghoydrcrynzqannzhndbfshvob/SourcePackages/checkouts/supabase-swift/Sources/Auth/Storage/WinCredLocalStorage.swift (in target 'Auth' from project 'Supabase')

SwiftCompile normal arm64 /Users/shokhabbosmakhmudov/Library/Developer/Xcode/DerivedData/Ezcar24Business-haghoydrcrynzqannzhndbfshvob/SourcePackages/checkouts/supabase-swift/Sources/Auth/Storage/WinCredLocalStorage.swift (in target 'Auth' from project 'Supabase')
    cd /Users/shokhabbosmakhmudov/Desktop/Ezcar24business/Ezcar24Business.xcodeproj
    

SwiftCompile normal arm64 Compiling\ Types.swift /Users/shokhabbosmakhmudov/Library/Developer/Xcode/DerivedData/Ezcar24Business-haghoydrcrynzqannzhndbfshvob/SourcePackages/checkouts/supabase-swift/Sources/Auth/Types.swift (in target 'Auth' from project 'Supabase')
SwiftCompile normal arm64 /Users/shokhabbosmakhmudov/Library/Developer/Xcode/DerivedData/Ezcar24Business-haghoydrcrynzqannzhndbfshvob/SourcePackages/checkouts/supabase-swift/Sources/Auth/Types.swift (in target 'Auth' from project 'Supabase')
    cd /Users/shokhabbosmakhmudov/Desktop/Ezcar24business/Ezcar24Business.xcodeproj
    

SwiftDriverJobDiscovery normal arm64 Compiling WinCredLocalStorage.swift (in target 'Auth' from project 'Supabase')

SwiftEmitModule normal arm64 Emitting\ module\ for\ Ezcar24Business (in target 'Ezcar24Business' from project 'Ezcar24Business')

EmitSwiftModule normal arm64 (in target 'Ezcar24Business' from project 'Ezcar24Business')
    cd /Users/shokhabbosmakhmudov/Desktop/Ezcar24business
    

SwiftCompile normal arm64 Compiling\ YearFormatter.swift,\ SalesViewModel.swift,\ SalesListView.swift,\ AddSaleView.swift /Users/shokhabbosmakhmudov/Desktop/Ezcar24business/Ezcar24Business/Utilities/YearFormatter.swift /Users/shokhabbosmakhmudov/Desktop/Ezcar24business/Ezcar24Business/ViewModels/SalesViewModel.swift /Users/shokhabbosmakhmudov/Desktop/Ezcar24business/Ezcar24Business/Views/SalesListView.swift /Users/shokhabbosmakhmudov/Desktop/Ezcar24business/Ezcar24Business/Views/AddSaleView.swift (in target 'Ezcar24Business' from project 'Ezcar24Business')

SwiftCompile normal arm64 /Users/shokhabbosmakhmudov/Desktop/Ezcar24business/Ezcar24Business/Utilities/YearFormatter.swift (in target 'Ezcar24Business' from project 'Ezcar24Business')
    cd /Users/shokhabbosmakhmudov/Desktop/Ezcar24business
    

SwiftCompile normal arm64 /Users/shokhabbosmakhmudov/Desktop/Ezcar24business/Ezcar24Business/ViewModels/SalesViewModel.swift (in target 'Ezcar24Business' from project 'Ezcar24Business')
    cd /Users/shokhabbosmakhmudov/Desktop/Ezcar24business
    

SwiftCompile normal arm64 /Users/shokhabbosmakhmudov/Desktop/Ezcar24business/Ezcar24Business/Views/SalesListView.swift (in target 'Ezcar24Business' from project 'Ezcar24Business')
    cd /Users/shokhabbosmakhmudov/Desktop/Ezcar24business
    

SwiftCompile normal arm64 /Users/shokhabbosmakhmudov/Desktop/Ezcar24business/Ezcar24Business/Views/AddSaleView.swift (in target 'Ezcar24Business' from project 'Ezcar24Business')
    cd /Users/shokhabbosmakhmudov/Desktop/Ezcar24business
    

SwiftCompile normal arm64 Compiling\ ClientDetailView.swift,\ ClientViewModel.swift,\ Client+CoreDataClass.swift,\ Client+CoreDataProperties.swift /Users/shokhabbosmakhmudov/Desktop/Ezcar24business/Ezcar24Business/Views/ClientDetailView.swift /Users/shokhabbosmakhmudov/Desktop/Ezcar24business/Ezcar24Business/ViewModels/ClientViewModel.swift /Users/shokhabbosmakhmudov/Desktop/Ezcar24business/Ezcar24Business/Models/Client+CoreDataClass.swift /Users/shokhabbosmakhmudov/Desktop/Ezcar24business/Ezcar24Business/Models/Client+CoreDataProperties.swift (in target 'Ezcar24Business' from project 'Ezcar24Business')

SwiftCompile normal arm64 /Users/shokhabbosmakhmudov/Desktop/Ezcar24business/Ezcar24Business/Views/ClientDetailView.swift (in target 'Ezcar24Business' from project 'Ezcar24Business')
    cd /Users/shokhabbosmakhmudov/Desktop/Ezcar24business
    

SwiftCompile normal arm64 /Users/shokhabbosmakhmudov/Desktop/Ezcar24business/Ezcar24Business/ViewModels/ClientViewModel.swift (in target 'Ezcar24Business' from project 'Ezcar24Business')
    cd /Users/shokhabbosmakhmudov/Desktop/Ezcar24business
    

SwiftCompile normal arm64 /Users/shokhabbosmakhmudov/Desktop/Ezcar24business/Ezcar24Business/Models/Client+CoreDataClass.swift (in target 'Ezcar24Business' from project 'Ezcar24Business')
    cd /Users/shokhabbosmakhmudov/Desktop/Ezcar24business
    

SwiftCompile normal arm64 /Users/shokhabbosmakhmudov/Desktop/Ezcar24business/Ezcar24Business/Models/Client+CoreDataProperties.swift (in target 'Ezcar24Business' from project 'Ezcar24Business')
    cd /Users/shokhabbosmakhmudov/Desktop/Ezcar24business
    

SwiftCompile normal arm64 Compiling\ SupabaseClientProvider.swift,\ CloudSyncManager.swift,\ CloudSyncEnvironment.swift,\ SupabaseModels.swift,\ ClientListView.swift /Users/shokhabbosmakhmudov/Desktop/Ezcar24business/Ezcar24Business/Auth/SupabaseClientProvider.swift /Users/shokhabbosmakhmudov/Desktop/Ezcar24business/Ezcar24Business/Services/CloudSyncManager.swift /Users/shokhabbosmakhmudov/Desktop/Ezcar24business/Ezcar24Business/Services/CloudSyncEnvironment.swift /Users/shokhabbosmakhmudov/Desktop/Ezcar24business/Ezcar24Business/Services/SupabaseModels.swift /Users/shokhabbosmakhmudov/Desktop/Ezcar24business/Ezcar24Business/Views/ClientListView.swift (in target 'Ezcar24Business' from project 'Ezcar24Business')
Failed frontend command:
/Applications/Xcode.app/Contents/Developer/Toolchains/XcodeDefault.xctoolchain/usr/bin/swift-frontend -frontend -c /Users/shokhabbosmakhmudov/Desktop/Ezcar24business/Ezcar24Business/Ezcar24BusinessApp.swift /Users/shokhabbosmakhmudov/Desktop/Ezcar24business/Ezcar24Business/ContentView.swift /Users/shokhabbosmakhmudov/Desktop/Ezcar24business/Ezcar24Business/Models/PersistenceController.swift /Users/shokhabbosmakhmudov/Desktop/Ezcar24business/Ezcar24Business/Views/DashboardView.swift /Users/shokhabbosmakhmudov/Desktop/Ezcar24business/Ezcar24Business/Views/VehicleListView.swift /Users/shokhabbosmakhmudov/Desktop/Ezcar24business/Ezcar24Business/Views/VehicleDetailView.swift /Users/shokhabbosmakhmudov/Desktop/Ezcar24business/Ezcar24Business/Auth/PasswordResetView.swift /Users/shokhabbosmakhmudov/Desktop/Ezcar24business/Ezcar24Business/Views/ExpenseListView.swift /Users/shokhabbosmakhmudov/Desktop/Ezcar24business/Ezcar24Business/Views/AddExpenseView.swift /Users/shokhabbosmakhmudov/Desktop/Ezcar24business/Ezcar24Business/Views/UserManagementView.swift /Users/shokhabbosmakhmudov/Desktop/Ezcar24business/Ezcar24Business/Views/DataHealthView.swift /Users/shokhabbosmakhmudov/Desktop/Ezcar24business/Ezcar24Business/Views/PaywallView.swift /Users/shokhabbosmakhmudov/Desktop/Ezcar24business/Ezcar24Business/ViewModels/DashboardViewModel.swift /Users/shokhabbosmakhmudov/Desktop/Ezcar24business/Ezcar24Business/ViewModels/VehicleViewModel.swift /Users/shokhabbosmakhmudov/Desktop/Ezcar24business/Ezcar24Business/ViewModels/ExpenseViewModel.swift /Users/shokhabbosmakhmudov/Desktop/Ezcar24business/Ezcar24Business/ViewModels/UserViewModel.swift /Users/shokhabbosmakhmudov/Desktop/Ezcar24business/Ezcar24Business/Utilities/ColorTheme.swift /Users/shokhabbosmakhmudov/Desktop/Ezcar24business/Ezcar24Business/Utilities/ImageStore.swift /Users/shokhabbosmakhmudov/Desktop/Ezcar24business/Ezcar24Business/Utilities/CurrencyFormatter.swift /Users/shokhabbosmakhmudov/Desktop/Ezcar24business/Ezcar24Business/Views/AddVehicleView.swift /Users/shokhabbosmakhmudov/Desktop/Ezcar24business/Ezcar24Business/Views/AccountView.swift /Users/shokhabbosmakhmudov/Desktop/Ezcar24business/Ezcar24Business/Auth/AuthGateView.swift /Users/shokhabbosmakhmudov/Desktop/Ezcar24business/Ezcar24Business/Auth/LoginView.swift /Users/shokhabbosmakhmudov/Desktop/Ezcar24business/Ezcar24Business/Auth/SessionStore.swift /Users/shokhabbosmakhmudov/Desktop/Ezcar24business/Ezcar24Business/Auth/AppSessionState.swift -primary-file /Users/shokhabbosmakhmudov/Desktop/Ezcar24business/Ezcar24Business/Auth/SupabaseClientProvider.swift -primary-file /Users/shokhabbosmakhmudov/Desktop/Ezcar24business/Ezcar24Business/Services/CloudSyncManager.swift -primary-file /Users/shokhabbosmakhmudov/Desktop/Ezcar24business/Ezcar24Business/Services/CloudSyncEnvironment.swift -primary-file /Users/shokhabbosmakhmudov/Desktop/Ezcar24business/Ezcar24Business/Services/SupabaseModels.swift -primary-file /Users/shokhabbosmakhmudov/Desktop/Ezcar24business/Ezcar24Business/Views/ClientListView.swift /Users/shokhabbosmakhmudov/Desktop/Ezcar24business/Ezcar24Business/Views/ClientDetailView.swift /Users/shokhabbosmakhmudov/Desktop/Ezcar24business/Ezcar24Business/ViewModels/ClientViewModel.swift /Users/shokhabbosmakhmudov/Desktop/Ezcar24business/Ezcar24Business/Models/Client+CoreDataClass.swift /Users/shokhabbosmakhmudov/Desktop/Ezcar24business/Ezcar24Business/Models/Client+CoreDataProperties.swift /Users/shokhabbosmakhmudov/Desktop/Ezcar24business/Ezcar24Business/Models/ClientCRMModels.swift /Users/shokhabbosmakhmudov/Desktop/Ezcar24business/Ezcar24Business/Views/FinancialAccountsView.swift /Users/shokhabbosmakhmudov/Desktop/Ezcar24business/Ezcar24Business/Views/EditAccountView.swift /Users/shokhabbosmakhmudov/Desktop/Ezcar24business/Ezcar24Business/ViewModels/FinancialAccountsViewModel.swift /Users/shokhabbosmakhmudov/Desktop/Ezcar24business/Ezcar24Business/Utilities/YearFormatter.swift /Users/shokhabbosmakhmudov/Desktop/Ezcar24business/Ezcar24Business/ViewModels/SalesViewModel.swift /Users/shokhabbosmakhmudov/Desktop/Ezcar24business/Ezcar24Business/Views/SalesListView.swift /Users/shokhabbosmakhmudov/Desktop/Ezcar24business/Ezcar24Business/Views/AddSaleView.swift /Users/shokhabbosmakhmudov/Desktop/Ezcar24business/Ezcar24Business/Services/SubscriptionManager.swift /Users/shokhabbosmakhmudov/Desktop/Ezcar24business/Ezcar24Business/Services/BackupExportManager.swift /Users/shokhabbosmakhmudov/Desktop/Ezcar24business/Ezcar24Business/Utilities/ShareSheet.swift /Users/shokhabbosmakhmudov/Desktop/Ezcar24business/Ezcar24Business/Views/BackupCenterView.swift /Users/shokhabbosmakhmudov/Library/Developer/Xcode/DerivedData/Ezcar24Business-haghoydrcrynzqannzhndbfshvob/Build/Intermediates.noindex/Ezcar24Business.build/Debug-iphonesimulator/Ezcar24Business.build/DerivedSources/CoreDataGenerated/Ezcar24Business/Vehicle+CoreDataClass.swift /Users/shokhabbosmakhmudov/Library/Developer/Xcode/DerivedData/Ezcar24Business-haghoydrcrynzqannzhndbfshvob/Build/Intermediates.noindex/Ezcar24Business.build/Debug-iphonesimulator/Ezcar24Business.build/DerivedSources/CoreDataGenerated/Ezcar24Business/Vehicle+CoreDataProperties.swift /Users/shokhabbosmakhmudov/Library/Developer/Xcode/DerivedData/Ezcar24Business-haghoydrcrynzqannzhndbfshvob/Build/Intermediates.noindex/Ezcar24Business.build/Debug-iphonesimulator/Ezcar24Business.build/DerivedSources/CoreDataGenerated/Ezcar24Business/Expense+CoreDataClass.swift /Users/shokhabbosmakhmudov/Library/Developer/Xcode/DerivedData/Ezcar24Business-haghoydrcrynzqannzhndbfshvob/Build/Intermediates.noindex/Ezcar24Business.build/Debug-iphonesimulator/Ezcar24Business.build/DerivedSources/CoreDataGenerated/Ezcar24Business/Expense+CoreDataProperties.swift /Users/shokhabbosmakhmudov/Library/Developer/Xcode/DerivedData/Ezcar24Business-haghoydrcrynzqannzhndbfshvob/Build/Intermediates.noindex/Ezcar24Business.build/Debug-iphonesimulator/Ezcar24Business.build/DerivedSources/CoreDataGenerated/Ezcar24Business/User+CoreDataClass.swift /Users/shokhabbosmakhmudov/Library/Developer/Xcode/DerivedData/Ezcar24Business-haghoydrcrynzqannzhndbfshvob/Build/Intermediates.noindex/Ezcar24Business.build/Debug-iphonesimulator/Ezcar24Business.build/DerivedSources/CoreDataGenerated/Ezcar24Business/User+CoreDataProperties.swift /Users/shokhabbosmakhmudov/Library/Developer/Xcode/DerivedData/Ezcar24Business-haghoydrcrynzqannzhndbfshvob/Build/Intermediates.noindex/Ezcar24Business.build/Debug-iphonesimulator/Ezcar24Business.build/DerivedSources/CoreDataGenerated/Ezcar24Business/FinancialAccount+CoreDataClass.swift /Users/shokhabbosmakhmudov/Library/Developer/Xcode/DerivedData/Ezcar24Business-haghoydrcrynzqannzhndbfshvob/Build/Intermediates.noindex/Ezcar24Business.build/Debug-iphonesimulator/Ezcar24Business.build/DerivedSources/CoreDataGenerated/Ezcar24Business/FinancialAccount+CoreDataProperties.swift /Users/shokhabbosmakhmudov/Library/Developer/Xcode/DerivedData/Ezcar24Business-haghoydrcrynzqannzhndbfshvob/Build/Intermediates.noindex/Ezcar24Business.build/Debug-iphonesimulator/Ezcar24Business.build/DerivedSources/CoreDataGenerated/Ezcar24Business/ExpenseTemplate+CoreDataClass.swift /Users/shokhabbosmakhmudov/Library/Developer/Xcode/DerivedData/Ezcar24Business-haghoydrcrynzqannzhndbfshvob/Build/Intermediates.noindex/Ezcar24Business.build/Debug-iphonesimulator/Ezcar24Business.build/DerivedSources/CoreDataGenerated/Ezcar24Business/ExpenseTemplate+CoreDataProperties.swift /Users/shokhabbosmakhmudov/Library/Developer/Xcode/DerivedData/Ezcar24Business-haghoydrcrynzqannzhndbfshvob/Build/Intermediates.noindex/Ezcar24Business.build/Debug-iphonesimulator/Ezcar24Business.build/DerivedSources/CoreDataGenerated/Ezcar24Business/ClientInteraction+CoreDataClass.swift /Users/shokhabbosmakhmudov/Library/Developer/Xcode/DerivedData/Ezcar24Business-haghoydrcrynzqannzhndbfshvob/Build/Intermediates.noindex/Ezcar24Business.build/Debug-iphonesimulator/Ezcar24Business.build/DerivedSources/CoreDataGenerated/Ezcar24Business/ClientInteraction+CoreDataProperties.swift /Users/shokhabbosmakhmudov/Library/Developer/Xcode/DerivedData/Ezcar24Business-haghoydrcrynzqannzhndbfshvob/Build/Intermediates.noindex/Ezcar24Business.build/Debug-iphonesimulator/Ezcar24Business.build/DerivedSources/CoreDataGenerated/Ezcar24Business/ClientReminder+CoreDataClass.swift /Users/shokhabbosmakhmudov/Library/Developer/Xcode/DerivedData/Ezcar24Business-haghoydrcrynzqannzhndbfshvob/Build/Intermediates.noindex/Ezcar24Business.build/Debug-iphonesimulator/Ezcar24Business.build/DerivedSources/CoreDataGenerated/Ezcar24Business/ClientReminder+CoreDataProperties.swift /Users/shokhabbosmakhmudov/Library/Developer/Xcode/DerivedData/Ezcar24Business-haghoydrcrynzqannzhndbfshvob/Build/Intermediates.noindex/Ezcar24Business.build/Debug-iphonesimulator/Ezcar24Business.build/DerivedSources/CoreDataGenerated/Ezcar24Business/Sale+CoreDataClass.swift /Users/shokhabbosmakhmudov/Library/Developer/Xcode/DerivedData/Ezcar24Business-haghoydrcrynzqannzhndbfshvob/Build/Intermediates.noindex/Ezcar24Business.build/Debug-iphonesimulator/Ezcar24Business.build/DerivedSources/CoreDataGenerated/Ezcar24Business/Sale+CoreDataProperties.swift /Users/shokhabbosmakhmudov/Library/Developer/Xcode/DerivedData/Ezcar24Business-haghoydrcrynzqannzhndbfshvob/Build/Intermediates.noindex/Ezcar24Business.build/Debug-iphonesimulator/Ezcar24Business.build/DerivedSources/CoreDataGenerated/Ezcar24Business/Ezcar24Business+CoreDataModel.swift /Users/shokhabbosmakhmudov/Library/Developer/Xcode/DerivedData/Ezcar24Business-haghoydrcrynzqannzhndbfshvob/Build/Intermediates.noindex/Ezcar24Business.build/Debug-iphonesimulator/Ezcar24Business.build/DerivedSources/GeneratedAssetSymbols.swift -supplementary-output-file-map /Users/shokhabbosmakhmudov/Library/Developer/Xcode/DerivedData/Ezcar24Business-haghoydrcrynzqannzhndbfshvob/Build/Intermediates.noindex/Ezcar24Business.build/Debug-iphonesimulator/Ezcar24Business.build/Objects-normal/arm64/supplementaryOutputs-6 -emit-localized-strings -emit-localized-strings-path /Users/shokhabbosmakhmudov/Library/Developer/Xcode/DerivedData/Ezcar24Business-haghoydrcrynzqannzhndbfshvob/Build/Intermediates.noindex/Ezcar24Business.build/Debug-iphonesimulator/Ezcar24Business.build/Objects-normal/arm64 -target arm64-apple-ios17.0-simulator -module-can-import-version DeveloperToolsSupport 23.0.4 23.0.4 -module-can-import-version SwiftUI 7.1.13.1 7.1.13 -module-can-import-version UIKit 9126.1.12.1 9126.1.12 -disable-cross-import-overlay-search -swift-module-cross-import CoreData /Applications/Xcode.app/Contents/Developer/Platforms/iPhoneSimulator.platform/Developer/SDKs/iPhoneSimulator.sdk/System/Library/Frameworks/CoreData.framework/Modules/CoreData.swiftcrossimport/CloudKit.swiftoverlay -swift-module-cross-import CoreData /Applications/Xcode.app/Contents/Developer/Platforms/iPhoneSimulator.platform/Developer/SDKs/iPhoneSimulator26.1.sdk/System/Library/Frameworks/CoreData.framework/Modules/CoreData.swiftcrossimport/CloudKit.swiftoverlay -swift-module-cross-import PhotosUI /Applications/Xcode.app/Contents/Developer/Platforms/iPhoneSimulator.platform/Developer/SDKs/iPhoneSimulator.sdk/System/Library/Frameworks/PhotosUI.framework/Modules/PhotosUI.swiftcrossimport/SwiftUI.swiftoverlay -swift-module-cross-import PhotosUI /Applications/Xcode.app/Contents/Developer/Platforms/iPhoneSimulator.platform/Developer/SDKs/iPhoneSimulator.sdk/System/Library/Frameworks/PhotosUI.framework/Modules/PhotosUI.swiftcrossimport/WidgetKit.swiftoverlay -swift-module-cross-import PhotosUI /Applications/Xcode.app/Contents/Developer/Platforms/iPhoneSimulator.platform/Developer/SDKs/iPhoneSimulator26.1.sdk/System/Library/Frameworks/PhotosUI.framework/Modules/PhotosUI.swiftcrossimport/SwiftUI.swiftoverlay -swift-module-cross-import PhotosUI /Applications/Xcode.app/Contents/Developer/Platforms/iPhoneSimulator.platform/Developer/SDKs/iPhoneSimulator26.1.sdk/System/Library/Frameworks/PhotosUI.framework/Modules/PhotosUI.swiftcrossimport/WidgetKit.swiftoverlay -load-resolved-plugin /Applications/Xcode.app/Contents/Developer/Platforms/iPhoneOS.platform/Developer/usr/lib/swift/host/plugins/libFoundationMacros.dylib\#/Applications/Xcode.app/Contents/Developer/Platforms/iPhoneOS.platform/Developer/usr/bin/swift-plugin-server\#FoundationMacros -load-resolved-plugin /Applications/Xcode.app/Contents/Developer/Platforms/iPhoneOS.platform/Developer/usr/lib/swift/host/plugins/libObservationMacros.dylib\#/Applications/Xcode.app/Contents/Developer/Platforms/iPhoneOS.platform/Developer/usr/bin/swift-plugin-server\#ObservationMacros -load-resolved-plugin /Applications/Xcode.app/Contents/Developer/Platforms/iPhoneOS.platform/Developer/usr/lib/swift/host/plugins/libPreviewsMacros.dylib\#/Applications/Xcode.app/Contents/Developer/Platforms/iPhoneOS.platform/Developer/usr/bin/swift-plugin-server\#PreviewsMacros -load-resolved-plugin /Applications/Xcode.app/Contents/Developer/Platforms/iPhoneOS.platform/Developer/usr/lib/swift/host/plugins/libSwiftMacros.dylib\#/Applications/Xcode.app/Contents/Developer/Platforms/iPhoneOS.platform/Developer/usr/bin/swift-plugin-server\#SwiftMacros -load-resolved-plugin /Applications/Xcode.app/Contents/Developer/Platforms/iPhoneOS.platform/Developer/usr/lib/swift/host/plugins/libSwiftUIMacros.dylib\#/Applications/Xcode.app/Contents/Developer/Platforms/iPhoneOS.platform/Developer/usr/bin/swift-plugin-server\#SwiftUIMacros -disable-implicit-swift-modules -Xcc -fno-implicit-modules -Xcc -fno-implicit-module-maps -explicit-swift-module-map-file /Users/shokhabbosmakhmudov/Library/Developer/Xcode/DerivedData/Ezcar24Business-haghoydrcrynzqannzhndbfshvob/Build/Intermediates.noindex/Ezcar24Business.build/Debug-iphonesimulator/Ezcar24Business.build/Objects-normal/arm64/Ezcar24Business-dependencies-1.json -Xllvm -aarch64-use-tbi -enable-objc-interop -sdk /Applications/Xcode.app/Contents/Developer/Platforms/iPhoneSimulator.platform/Developer/SDKs/iPhoneSimulator26.1.sdk -I /Users/shokhabbosmakhmudov/Library/Developer/Xcode/DerivedData/Ezcar24Business-haghoydrcrynzqannzhndbfshvob/Build/Products/Debug-iphonesimulator -F /Users/shokhabbosmakhmudov/Library/Developer/Xcode/DerivedData/Ezcar24Business-haghoydrcrynzqannzhndbfshvob/Build/Products/Debug-iphonesimulator/PackageFrameworks -F /Users/shokhabbosmakhmudov/Library/Developer/Xcode/DerivedData/Ezcar24Business-haghoydrcrynzqannzhndbfshvob/Build/Products/Debug-iphonesimulator/PackageFrameworks -F /Users/shokhabbosmakhmudov/Library/Developer/Xcode/DerivedData/Ezcar24Business-haghoydrcrynzqannzhndbfshvob/Build/Products/Debug-iphonesimulator/PackageFrameworks -F /Users/shokhabbosmakhmudov/Library/Developer/Xcode/DerivedData/Ezcar24Business-haghoydrcrynzqannzhndbfshvob/Build/Products/Debug-iphonesimulator/PackageFrameworks -F /Users/shokhabbosmakhmudov/Library/Developer/Xcode/DerivedData/Ezcar24Business-haghoydrcrynzqannzhndbfshvob/Build/Products/Debug-iphonesimulator/PackageFrameworks -F /Users/shokhabbosmakhmudov/Library/Developer/Xcode/DerivedData/Ezcar24Business-haghoydrcrynzqannzhndbfshvob/Build/Products/Debug-iphonesimulator/PackageFrameworks -F /Users/shokhabbosmakhmudov/Library/Developer/Xcode/DerivedData/Ezcar24Business-haghoydrcrynzqannzhndbfshvob/Build/Products/Debug-iphonesimulator/PackageFrameworks -F /Users/shokhabbosmakhmudov/Library/Developer/Xcode/DerivedData/Ezcar24Business-haghoydrcrynzqannzhndbfshvob/Build/Products/Debug-iphonesimulator/PackageFrameworks -F /Users/shokhabbosmakhmudov/Library/Developer/Xcode/DerivedData/Ezcar24Business-haghoydrcrynzqannzhndbfshvob/Build/Products/Debug-iphonesimulator/PackageFrameworks -F /Users/shokhabbosmakhmudov/Library/Developer/Xcode/DerivedData/Ezcar24Business-haghoydrcrynzqannzhndbfshvob/Build/Products/Debug-iphonesimulator/PackageFrameworks -F /Users/shokhabbosmakhmudov/Library/Developer/Xcode/DerivedData/Ezcar24Business-haghoydrcrynzqannzhndbfshvob/Build/Products/Debug-iphonesimulator/PackageFrameworks -F /Users/shokhabbosmakhmudov/Library/Developer/Xcode/DerivedData/Ezcar24Business-haghoydrcrynzqannzhndbfshvob/Build/Products/Debug-iphonesimulator/PackageFrameworks -F /Users/shokhabbosmakhmudov/Library/Developer/Xcode/DerivedData/Ezcar24Business-haghoydrcrynzqannzhndbfshvob/Build/Products/Debug-iphonesimulator/PackageFrameworks -F /Users/shokhabbosmakhmudov/Library/Developer/Xcode/DerivedData/Ezcar24Business-haghoydrcrynzqannzhndbfshvob/Build/Products/Debug-iphonesimulator/PackageFrameworks -F /Users/shokhabbosmakhmudov/Library/Developer/Xcode/DerivedData/Ezcar24Business-haghoydrcrynzqannzhndbfshvob/Build/Products/Debug-iphonesimulator/PackageFrameworks -F /Users/shokhabbosmakhmudov/Library/Developer/Xcode/DerivedData/Ezcar24Business-haghoydrcrynzqannzhndbfshvob/Build/Products/Debug-iphonesimulator/PackageFrameworks -F /Users/shokhabbosmakhmudov/Library/Developer/Xcode/DerivedData/Ezcar24Business-haghoydrcrynzqannzhndbfshvob/Build/Products/Debug-iphonesimulator -no-color-diagnostics -Xcc -fno-color-diagnostics -enable-testing -g -debug-info-format\=dwarf -dwarf-version\=4 -module-cache-path /Users/shokhabbosmakhmudov/Library/Developer/Xcode/DerivedData/Ezcar24Business-haghoydrcrynzqannzhndbfshvob/Build/Intermediates.noindex/SwiftExplicitPrecompiledModules -swift-version 5 -enforce-exclusivity\=checked -Onone -D DEBUG -serialize-debugging-options -const-gather-protocols-file /Users/shokhabbosmakhmudov/Library/Developer/Xcode/DerivedData/Ezcar24Business-haghoydrcrynzqannzhndbfshvob/Build/Intermediates.noindex/Ezcar24Business.build/Debug-iphonesimulator/Ezcar24Business.build/Objects-normal/arm64/Ezcar24Business_const_extract_protocols.json -enable-experimental-feature DebugDescriptionMacro -enable-bare-slash-regex -empty-abi-descriptor -validate-clang-modules-once -clang-build-session-file /Users/shokhabbosmakhmudov/Library/Developer/Xcode/DerivedData/ModuleCache.noindex/Session.modulevalidation -Xcc -working-directory -Xcc /Users/shokhabbosmakhmudov/Desktop/Ezcar24business -enable-anonymous-context-mangled-names -file-compilation-dir /Users/shokhabbosmakhmudov/Desktop/Ezcar24business -Xcc -D_LIBCPP_HARDENING_MODE\=_LIBCPP_HARDENING_MODE_DEBUG -Xcc -ivfsstatcache -Xcc /Users/shokhabbosmakhmudov/Library/Developer/Xcode/DerivedData/SDKStatCaches.noindex/iphonesimulator26.1-23B77-90cf18a4295e390e64c810bc6bd7acbc.sdkstatcache -Xcc -I/Users/shokhabbosmakhmudov/Library/Developer/Xcode/DerivedData/Ezcar24Business-haghoydrcrynzqannzhndbfshvob/Build/Intermediates.noindex/Ezcar24Business.build/Debug-iphonesimulator/Ezcar24Business.build/swift-overrides.hmap -Xcc -iquote -Xcc /Users/shokhabbosmakhmudov/Library/Developer/Xcode/DerivedData/Ezcar24Business-haghoydrcrynzqannzhndbfshvob/Build/Intermediates.noindex/Ezcar24Business.build/Debug-iphonesimulator/Ezcar24Business.build/Ezcar24Business-generated-files.hmap -Xcc -I/Users/shokhabbosmakhmudov/Library/Developer/Xcode/DerivedData/Ezcar24Business-haghoydrcrynzqannzhndbfshvob/Build/Intermediates.noindex/Ezcar24Business.build/Debug-iphonesimulator/Ezcar24Business.build/Ezcar24Business-own-target-headers.hmap -Xcc -I/Users/shokhabbosmakhmudov/Library/Developer/Xcode/DerivedData/Ezcar24Business-haghoydrcrynzqannzhndbfshvob/Build/Intermediates.noindex/Ezcar24Business.build/Debug-iphonesimulator/Ezcar24Business.build/Ezcar24Business-all-non-framework-target-headers.hmap -Xcc -ivfsoverlay -Xcc /Users/shokhabbosmakhmudov/Library/Developer/Xcode/DerivedData/Ezcar24Business-haghoydrcrynzqannzhndbfshvob/Build/Intermediates.noindex/Ezcar24Business.build/Debug-iphonesimulator/Ezcar24Business-7a1319ddcd00cdc1cde80f527e393d38-VFS-iphonesimulator/all-product-headers.yaml -Xcc -iquote -Xcc /Users/shokhabbosmakhmudov/Library/Developer/Xcode/DerivedData/Ezcar24Business-haghoydrcrynzqannzhndbfshvob/Build/Intermediates.noindex/Ezcar24Business.build/Debug-iphonesimulator/Ezcar24Business.build/Ezcar24Business-project-headers.hmap -Xcc -I/Users/shokhabbosmakhmudov/Library/Developer/Xcode/DerivedData/Ezcar24Business-haghoydrcrynzqannzhndbfshvob/Build/Products/Debug-iphonesimulator/include -Xcc -I/Users/shokhabbosmakhmudov/Library/Developer/Xcode/DerivedData/Ezcar24Business-haghoydrcrynzqannzhndbfshvob/Build/Intermediates.noindex/Ezcar24Business.build/Debug-iphonesimulator/Ezcar24Business.build/DerivedSources-normal/arm64 -Xcc -I/Users/shokhabbosmakhmudov/Library/Developer/Xcode/DerivedData/Ezcar24Business-haghoydrcrynzqannzhndbfshvob/Build/Intermediates.noindex/Ezcar24Business.build/Debug-iphonesimulator/Ezcar24Business.build/DerivedSources/arm64 -Xcc -I/Users/shokhabbosmakhmudov/Library/Developer/Xcode/DerivedData/Ezcar24Business-haghoydrcrynzqannzhndbfshvob/Build/Intermediates.noindex/Ezcar24Business.build/Debug-iphonesimulator/Ezcar24Business.build/DerivedSources -Xcc -DDEBUG\=1 -no-auto-bridging-header-chaining -module-name Ezcar24Business -frontend-parseable-output -disable-clang-spi -target-sdk-version 26.1 -target-sdk-name iphonesimulator26.1 -clang-target arm64-apple-ios26.1-simulator -in-process-plugin-server-path /Applications/Xcode.app/Contents/Developer/Toolchains/XcodeDefault.xctoolchain/usr/lib/swift/host/libSwiftInProcPluginServer.dylib -o /Users/shokhabbosmakhmudov/Library/Developer/Xcode/DerivedData/Ezcar24Business-haghoydrcrynzqannzhndbfshvob/Build/Intermediates.noindex/Ezcar24Business.build/Debug-iphonesimulator/Ezcar24Business.build/Objects-normal/arm64/SupabaseClientProvider.o -o /Users/shokhabbosmakhmudov/Library/Developer/Xcode/DerivedData/Ezcar24Business-haghoydrcrynzqannzhndbfshvob/Build/Intermediates.noindex/Ezcar24Business.build/Debug-iphonesimulator/Ezcar24Business.build/Objects-normal/arm64/CloudSyncManager.o -o /Users/shokhabbosmakhmudov/Library/Developer/Xcode/DerivedData/Ezcar24Business-haghoydrcrynzqannzhndbfshvob/Build/Intermediates.noindex/Ezcar24Business.build/Debug-iphonesimulator/Ezcar24Business.build/Objects-normal/arm64/CloudSyncEnvironment.o -o /Users/shokhabbosmakhmudov/Library/Developer/Xcode/DerivedData/Ezcar24Business-haghoydrcrynzqannzhndbfshvob/Build/Intermediates.noindex/Ezcar24Business.build/Debug-iphonesimulator/Ezcar24Business.build/Objects-normal/arm64/SupabaseModels.o -o /Users/shokhabbosmakhmudov/Library/Developer/Xcode/DerivedData/Ezcar24Business-haghoydrcrynzqannzhndbfshvob/Build/Intermediates.noindex/Ezcar24Business.build/Debug-iphonesimulator/Ezcar24Business.build/Objects-normal/arm64/ClientListView.o -index-unit-output-path /Ezcar24Business.build/Debug-iphonesimulator/Ezcar24Business.build/Objects-normal/arm64/SupabaseClientProvider.o -index-unit-output-path /Ezcar24Business.build/Debug-iphonesimulator/Ezcar24Business.build/Objects-normal/arm64/CloudSyncManager.o -index-unit-output-path /Ezcar24Business.build/Debug-iphonesimulator/Ezcar24Business.build/Objects-normal/arm64/CloudSyncEnvironment.o -index-unit-output-path /Ezcar24Business.build/Debug-iphonesimulator/Ezcar24Business.build/Objects-normal/arm64/SupabaseModels.o -index-unit-output-path /Ezcar24Business.build/Debug-iphonesimulator/Ezcar24Business.build/Objects-normal/arm64/ClientListView.o -index-store-path /Users/shokhabbosmakhmudov/Library/Developer/Xcode/DerivedData/Ezcar24Business-haghoydrcrynzqannzhndbfshvob/Index.noindex/DataStore -index-system-modules

SwiftCompile normal arm64 /Users/shokhabbosmakhmudov/Desktop/Ezcar24business/Ezcar24Business/Auth/SupabaseClientProvider.swift (in target 'Ezcar24Business' from project 'Ezcar24Business')
    cd /Users/shokhabbosmakhmudov/Desktop/Ezcar24business
    

SwiftCompile normal arm64 /Users/shokhabbosmakhmudov/Desktop/Ezcar24business/Ezcar24Business/Services/CloudSyncManager.swift (in target 'Ezcar24Business' from project 'Ezcar24Business')
    cd /Users/shokhabbosmakhmudov/Desktop/Ezcar24business
    
/Users/shokhabbosmakhmudov/Desktop/Ezcar24business/Ezcar24Business/Services/CloudSyncManager.swift:259:13: warning: initialization of immutable value 'now' was never used; consider replacing with assignment to '_' or removing it
        let now = Date()
        ~~~~^~~
        _
/Users/shokhabbosmakhmudov/Desktop/Ezcar24business/Ezcar24Business/Services/CloudSyncManager.swift:320:17: error: value of type 'Vehicle' has no member 'syncStatus'
        vehicle.syncStatus = "deleted" // Assuming we added this field to Core Data, or we just use deletedAt check
        ~~~~~~~ ^~~~~~~~~~
/Users/shokhabbosmakhmudov/Desktop/Ezcar24business/Ezcar24Business/Services/CloudSyncManager.swift:384:28: error: cannot find 'makeRemoteExpenseTemplate' in scope
        guard let remote = makeRemoteExpenseTemplate(from: template, dealerId: dealerId) else { return }
                           ^~~~~~~~~~~~~~~~~~~~~~~~~
/Users/shokhabbosmakhmudov/Desktop/Ezcar24business/Ezcar24Business/Services/CloudSyncManager.swift:389:22: error: type 'Any' cannot conform to 'Encodable'
                    .rpc("sync_templates", params: ["payload": [remote]])
                     ^
/Users/shokhabbosmakhmudov/Desktop/Ezcar24business/Ezcar24Business/Services/CloudSyncManager.swift:389:22: note: only concrete types such as structs, enums and classes can conform to protocols
                    .rpc("sync_templates", params: ["payload": [remote]])
                     ^
/Users/shokhabbosmakhmudov/Desktop/Ezcar24business/Ezcar24Business/Services/CloudSyncManager.swift:389:22: note: requirement from conditional conformance of '[Any]' to 'Encodable'
                    .rpc("sync_templates", params: ["payload": [remote]])
                     ^

SwiftCompile normal arm64 /Users/shokhabbosmakhmudov/Desktop/Ezcar24business/Ezcar24Business/Services/CloudSyncEnvironment.swift (in target 'Ezcar24Business' from project 'Ezcar24Business')
    cd /Users/shokhabbosmakhmudov/Desktop/Ezcar24business
    

SwiftCompile normal arm64 /Users/shokhabbosmakhmudov/Desktop/Ezcar24business/Ezcar24Business/Services/SupabaseModels.swift (in target 'Ezcar24Business' from project 'Ezcar24Business')
    cd /Users/shokhabbosmakhmudov/Desktop/Ezcar24business
    

SwiftCompile normal arm64 /Users/shokhabbosmakhmudov/Desktop/Ezcar24business/Ezcar24Business/Views/ClientListView.swift (in target 'Ezcar24Business' from project 'Ezcar24Business')
    cd /Users/shokhabbosmakhmudov/Desktop/Ezcar24business
    

SwiftCompile normal arm64 Compiling\ VehicleDetailView.swift,\ PasswordResetView.swift,\ ExpenseListView.swift,\ AddExpenseView.swift,\ UserManagementView.swift /Users/shokhabbosmakhmudov/Desktop/Ezcar24business/Ezcar24Business/Views/VehicleDetailView.swift /Users/shokhabbosmakhmudov/Desktop/Ezcar24business/Ezcar24Business/Auth/PasswordResetView.swift /Users/shokhabbosmakhmudov/Desktop/Ezcar24business/Ezcar24Business/Views/ExpenseListView.swift /Users/shokhabbosmakhmudov/Desktop/Ezcar24business/Ezcar24Business/Views/AddExpenseView.swift /Users/shokhabbosmakhmudov/Desktop/Ezcar24business/Ezcar24Business/Views/UserManagementView.swift (in target 'Ezcar24Business' from project 'Ezcar24Business')

SwiftCompile normal arm64 /Users/shokhabbosmakhmudov/Desktop/Ezcar24business/Ezcar24Business/Views/VehicleDetailView.swift (in target 'Ezcar24Business' from project 'Ezcar24Business')
    cd /Users/shokhabbosmakhmudov/Desktop/Ezcar24business
    

SwiftCompile normal arm64 /Users/shokhabbosmakhmudov/Desktop/Ezcar24business/Ezcar24Business/Auth/PasswordResetView.swift (in target 'Ezcar24Business' from project 'Ezcar24Business')
    cd /Users/shokhabbosmakhmudov/Desktop/Ezcar24business
    

SwiftCompile normal arm64 /Users/shokhabbosmakhmudov/Desktop/Ezcar24business/Ezcar24Business/Views/ExpenseListView.swift (in target 'Ezcar24Business' from project 'Ezcar24Business')
    cd /Users/shokhabbosmakhmudov/Desktop/Ezcar24business
    

SwiftCompile normal arm64 /Users/shokhabbosmakhmudov/Desktop/Ezcar24business/Ezcar24Business/Views/AddExpenseView.swift (in target 'Ezcar24Business' from project 'Ezcar24Business')
    cd /Users/shokhabbosmakhmudov/Desktop/Ezcar24business
    

SwiftCompile normal arm64 /Users/shokhabbosmakhmudov/Desktop/Ezcar24business/Ezcar24Business/Views/UserManagementView.swift (in target 'Ezcar24Business' from project 'Ezcar24Business')
    cd /Users/shokhabbosmakhmudov/Desktop/Ezcar24business
    

SwiftCompile normal arm64 Compiling\ UserViewModel.swift,\ ColorTheme.swift,\ ImageStore.swift,\ CurrencyFormatter.swift,\ AddVehicleView.swift /Users/shokhabbosmakhmudov/Desktop/Ezcar24business/Ezcar24Business/ViewModels/UserViewModel.swift /Users/shokhabbosmakhmudov/Desktop/Ezcar24business/Ezcar24Business/Utilities/ColorTheme.swift /Users/shokhabbosmakhmudov/Desktop/Ezcar24business/Ezcar24Business/Utilities/ImageStore.swift /Users/shokhabbosmakhmudov/Desktop/Ezcar24business/Ezcar24Business/Utilities/CurrencyFormatter.swift /Users/shokhabbosmakhmudov/Desktop/Ezcar24business/Ezcar24Business/Views/AddVehicleView.swift (in target 'Ezcar24Business' from project 'Ezcar24Business')
SwiftCompile normal arm64 /Users/shokhabbosmakhmudov/Desktop/Ezcar24business/Ezcar24Business/ViewModels/UserViewModel.swift (in target 'Ezcar24Business' from project 'Ezcar24Business')
    cd /Users/shokhabbosmakhmudov/Desktop/Ezcar24business
    

SwiftCompile normal arm64 /Users/shokhabbosmakhmudov/Desktop/Ezcar24business/Ezcar24Business/Utilities/ColorTheme.swift (in target 'Ezcar24Business' from project 'Ezcar24Business')
    cd /Users/shokhabbosmakhmudov/Desktop/Ezcar24business
    

SwiftCompile normal arm64 /Users/shokhabbosmakhmudov/Desktop/Ezcar24business/Ezcar24Business/Utilities/ImageStore.swift (in target 'Ezcar24Business' from project 'Ezcar24Business')
    cd /Users/shokhabbosmakhmudov/Desktop/Ezcar24business
    

SwiftCompile normal arm64 /Users/shokhabbosmakhmudov/Desktop/Ezcar24business/Ezcar24Business/Utilities/CurrencyFormatter.swift (in target 'Ezcar24Business' from project 'Ezcar24Business')
    cd /Users/shokhabbosmakhmudov/Desktop/Ezcar24business
    

SwiftCompile normal arm64 /Users/shokhabbosmakhmudov/Desktop/Ezcar24business/Ezcar24Business/Views/AddVehicleView.swift (in target 'Ezcar24Business' from project 'Ezcar24Business')
    cd /Users/shokhabbosmakhmudov/Desktop/Ezcar24business
    

SwiftCompile normal arm64 Compiling\ ClientCRMModels.swift,\ FinancialAccountsView.swift,\ EditAccountView.swift,\ FinancialAccountsViewModel.swift /Users/shokhabbosmakhmudov/Desktop/Ezcar24business/Ezcar24Business/Models/ClientCRMModels.swift /Users/shokhabbosmakhmudov/Desktop/Ezcar24business/Ezcar24Business/Views/FinancialAccountsView.swift /Users/shokhabbosmakhmudov/Desktop/Ezcar24business/Ezcar24Business/Views/EditAccountView.swift /Users/shokhabbosmakhmudov/Desktop/Ezcar24business/Ezcar24Business/ViewModels/FinancialAccountsViewModel.swift (in target 'Ezcar24Business' from project 'Ezcar24Business')

SwiftCompile normal arm64 /Users/shokhabbosmakhmudov/Desktop/Ezcar24business/Ezcar24Business/Models/ClientCRMModels.swift (in target 'Ezcar24Business' from project 'Ezcar24Business')
    cd /Users/shokhabbosmakhmudov/Desktop/Ezcar24business
    

SwiftCompile normal arm64 /Users/shokhabbosmakhmudov/Desktop/Ezcar24business/Ezcar24Business/Views/FinancialAccountsView.swift (in target 'Ezcar24Business' from project 'Ezcar24Business')
    cd /Users/shokhabbosmakhmudov/Desktop/Ezcar24business
    

SwiftCompile normal arm64 /Users/shokhabbosmakhmudov/Desktop/Ezcar24business/Ezcar24Business/Views/EditAccountView.swift (in target 'Ezcar24Business' from project 'Ezcar24Business')
    cd /Users/shokhabbosmakhmudov/Desktop/Ezcar24business
    

SwiftCompile normal arm64 /Users/shokhabbosmakhmudov/Desktop/Ezcar24business/Ezcar24Business/ViewModels/FinancialAccountsViewModel.swift (in target 'Ezcar24Business' from project 'Ezcar24Business')
    cd /Users/shokhabbosmakhmudov/Desktop/Ezcar24business
    

SwiftCompile normal arm64 Compiling\ DataHealthView.swift,\ PaywallView.swift,\ DashboardViewModel.swift,\ VehicleViewModel.swift,\ ExpenseViewModel.swift /Users/shokhabbosmakhmudov/Desktop/Ezcar24business/Ezcar24Business/Views/DataHealthView.swift /Users/shokhabbosmakhmudov/Desktop/Ezcar24business/Ezcar24Business/Views/PaywallView.swift /Users/shokhabbosmakhmudov/Desktop/Ezcar24business/Ezcar24Business/ViewModels/DashboardViewModel.swift /Users/shokhabbosmakhmudov/Desktop/Ezcar24business/Ezcar24Business/ViewModels/VehicleViewModel.swift /Users/shokhabbosmakhmudov/Desktop/Ezcar24business/Ezcar24Business/ViewModels/ExpenseViewModel.swift (in target 'Ezcar24Business' from project 'Ezcar24Business')

SwiftCompile normal arm64 /Users/shokhabbosmakhmudov/Desktop/Ezcar24business/Ezcar24Business/Views/DataHealthView.swift (in target 'Ezcar24Business' from project 'Ezcar24Business')
    cd /Users/shokhabbosmakhmudov/Desktop/Ezcar24business
    

SwiftCompile normal arm64 /Users/shokhabbosmakhmudov/Desktop/Ezcar24business/Ezcar24Business/Views/PaywallView.swift (in target 'Ezcar24Business' from project 'Ezcar24Business')
    cd /Users/shokhabbosmakhmudov/Desktop/Ezcar24business
    

SwiftCompile normal arm64 /Users/shokhabbosmakhmudov/Desktop/Ezcar24business/Ezcar24Business/ViewModels/DashboardViewModel.swift (in target 'Ezcar24Business' from project 'Ezcar24Business')
    cd /Users/shokhabbosmakhmudov/Desktop/Ezcar24business
    

SwiftCompile normal arm64 /Users/shokhabbosmakhmudov/Desktop/Ezcar24business/Ezcar24Business/ViewModels/VehicleViewModel.swift (in target 'Ezcar24Business' from project 'Ezcar24Business')
    cd /Users/shokhabbosmakhmudov/Desktop/Ezcar24business
    

SwiftCompile normal arm64 /Users/shokhabbosmakhmudov/Desktop/Ezcar24business/Ezcar24Business/ViewModels/ExpenseViewModel.swift (in target 'Ezcar24Business' from project 'Ezcar24Business')
    cd /Users/shokhabbosmakhmudov/Desktop/Ezcar24business
    

SwiftEmitModule normal arm64 Emitting\ module\ for\ RevenueCatUI (in target 'RevenueCatUI' from project 'RevenueCat')

EmitSwiftModule normal arm64 (in target 'RevenueCatUI' from project 'RevenueCat')
    cd /Users/shokhabbosmakhmudov/Desktop/Ezcar24business/Ezcar24Business.xcodeproj
    

SwiftCompile normal arm64 Compiling\ FitToAspectRatio.swift,\ FooterHidingModifier.swift,\ ViewExtensions.swift /Users/shokhabbosmakhmudov/Library/Developer/Xcode/DerivedData/Ezcar24Business-haghoydrcrynzqannzhndbfshvob/SourcePackages/checkouts/purchases-ios/RevenueCatUI/Modifiers/FitToAspectRatio.swift /Users/shokhabbosmakhmudov/Library/Developer/Xcode/DerivedData/Ezcar24Business-haghoydrcrynzqannzhndbfshvob/SourcePackages/checkouts/purchases-ios/RevenueCatUI/Modifiers/FooterHidingModifier.swift /Users/shokhabbosmakhmudov/Library/Developer/Xcode/DerivedData/Ezcar24Business-haghoydrcrynzqannzhndbfshvob/SourcePackages/checkouts/purchases-ios/RevenueCatUI/Modifiers/ViewExtensions.swift (in target 'RevenueCatUI' from project 'RevenueCat')

SwiftCompile normal arm64 /Users/shokhabbosmakhmudov/Library/Developer/Xcode/DerivedData/Ezcar24Business-haghoydrcrynzqannzhndbfshvob/SourcePackages/checkouts/purchases-ios/RevenueCatUI/Modifiers/FitToAspectRatio.swift (in target 'RevenueCatUI' from project 'RevenueCat')
    cd /Users/shokhabbosmakhmudov/Desktop/Ezcar24business/Ezcar24Business.xcodeproj
    

SwiftCompile normal arm64 /Users/shokhabbosmakhmudov/Library/Developer/Xcode/DerivedData/Ezcar24Business-haghoydrcrynzqannzhndbfshvob/SourcePackages/checkouts/purchases-ios/RevenueCatUI/Modifiers/FooterHidingModifier.swift (in target 'RevenueCatUI' from project 'RevenueCat')
    cd /Users/shokhabbosmakhmudov/Desktop/Ezcar24business/Ezcar24Business.xcodeproj
    

SwiftCompile normal arm64 /Users/shokhabbosmakhmudov/Library/Developer/Xcode/DerivedData/Ezcar24Business-haghoydrcrynzqannzhndbfshvob/SourcePackages/checkouts/purchases-ios/RevenueCatUI/Modifiers/ViewExtensions.swift (in target 'RevenueCatUI' from project 'RevenueCat')
    cd /Users/shokhabbosmakhmudov/Desktop/Ezcar24business/Ezcar24Business.xcodeproj
    

SwiftDriverJobDiscovery normal arm64 Compiling ClientCRMModels.swift, FinancialAccountsView.swift, EditAccountView.swift, FinancialAccountsViewModel.swift (in target 'Ezcar24Business' from project 'Ezcar24Business')

SwiftCompile normal arm64 Compiling\ CarouselComponentView.swift,\ CarouselComponentViewModel.swift /Users/shokhabbosmakhmudov/Library/Developer/Xcode/DerivedData/Ezcar24Business-haghoydrcrynzqannzhndbfshvob/SourcePackages/checkouts/purchases-ios/RevenueCatUI/Templates/V2/Components/Carousel/CarouselComponentView.swift /Users/shokhabbosmakhmudov/Library/Developer/Xcode/DerivedData/Ezcar24Business-haghoydrcrynzqannzhndbfshvob/SourcePackages/checkouts/purchases-ios/RevenueCatUI/Templates/V2/Components/Carousel/CarouselComponentViewModel.swift (in target 'RevenueCatUI' from project 'RevenueCat')

SwiftCompile normal arm64 /Users/shokhabbosmakhmudov/Library/Developer/Xcode/DerivedData/Ezcar24Business-haghoydrcrynzqannzhndbfshvob/SourcePackages/checkouts/purchases-ios/RevenueCatUI/Templates/V2/Components/Carousel/CarouselComponentView.swift (in target 'RevenueCatUI' from project 'RevenueCat')
    cd /Users/shokhabbosmakhmudov/Desktop/Ezcar24business/Ezcar24Business.xcodeproj
    

SwiftCompile normal arm64 /Users/shokhabbosmakhmudov/Library/Developer/Xcode/DerivedData/Ezcar24Business-haghoydrcrynzqannzhndbfshvob/SourcePackages/checkouts/purchases-ios/RevenueCatUI/Templates/V2/Components/Carousel/CarouselComponentViewModel.swift (in target 'RevenueCatUI' from project 'RevenueCat')
    cd /Users/shokhabbosmakhmudov/Desktop/Ezcar24business/Ezcar24Business.xcodeproj
    

SwiftDriverJobDiscovery normal arm64 Emitting module for Ezcar24Business (in target 'Ezcar24Business' from project 'Ezcar24Business')

SwiftDriver\ Compilation\ Requirements Ezcar24Business normal arm64 com.apple.xcode.tools.swift.compiler (in target 'Ezcar24Business' from project 'Ezcar24Business')
    cd /Users/shokhabbosmakhmudov/Desktop/Ezcar24business
    builtin-Swift-Compilation-Requirements -- /Applications/Xcode.app/Contents/Developer/Toolchains/XcodeDefault.xctoolchain/usr/bin/swiftc -module-name Ezcar24Business -Onone -enforce-exclusivity\=checked @/Users/shokhabbosmakhmudov/Library/Developer/Xcode/DerivedData/Ezcar24Business-haghoydrcrynzqannzhndbfshvob/Build/Intermediates.noindex/Ezcar24Business.build/Debug-iphonesimulator/Ezcar24Business.build/Objects-normal/arm64/Ezcar24Business.SwiftFileList -DDEBUG -enable-bare-slash-regex -enable-experimental-feature DebugDescriptionMacro -sdk /Applications/Xcode.app/Contents/Developer/Platforms/iPhoneSimulator.platform/Developer/SDKs/iPhoneSimulator26.1.sdk -target arm64-apple-ios17.0-simulator -g -module-cache-path /Users/shokhabbosmakhmudov/Library/Developer/Xcode/DerivedData/ModuleCache.noindex -Xfrontend -serialize-debugging-options -enable-testing -index-store-path /Users/shokhabbosmakhmudov/Library/Developer/Xcode/DerivedData/Ezcar24Business-haghoydrcrynzqannzhndbfshvob/Index.noindex/DataStore -Xcc -D_LIBCPP_HARDENING_MODE\=_LIBCPP_HARDENING_MODE_DEBUG -swift-version 5 -I /Users/shokhabbosmakhmudov/Library/Developer/Xcode/DerivedData/Ezcar24Business-haghoydrcrynzqannzhndbfshvob/Build/Products/Debug-iphonesimulator -F /Users/shokhabbosmakhmudov/Library/Developer/Xcode/DerivedData/Ezcar24Business-haghoydrcrynzqannzhndbfshvob/Build/Products/Debug-iphonesimulator/PackageFrameworks -F /Users/shokhabbosmakhmudov/Library/Developer/Xcode/DerivedData/Ezcar24Business-haghoydrcrynzqannzhndbfshvob/Build/Products/Debug-iphonesimulator/PackageFrameworks -F /Users/shokhabbosmakhmudov/Library/Developer/Xcode/DerivedData/Ezcar24Business-haghoydrcrynzqannzhndbfshvob/Build/Products/Debug-iphonesimulator/PackageFrameworks -F /Users/shokhabbosmakhmudov/Library/Developer/Xcode/DerivedData/Ezcar24Business-haghoydrcrynzqannzhndbfshvob/Build/Products/Debug-iphonesimulator/PackageFrameworks -F /Users/shokhabbosmakhmudov/Library/Developer/Xcode/DerivedData/Ezcar24Business-haghoydrcrynzqannzhndbfshvob/Build/Products/Debug-iphonesimulator/PackageFrameworks -F /Users/shokhabbosmakhmudov/Library/Developer/Xcode/DerivedData/Ezcar24Business-haghoydrcrynzqannzhndbfshvob/Build/Products/Debug-iphonesimulator/PackageFrameworks -F /Users/shokhabbosmakhmudov/Library/Developer/Xcode/DerivedData/Ezcar24Business-haghoydrcrynzqannzhndbfshvob/Build/Products/Debug-iphonesimulator/PackageFrameworks -F /Users/shokhabbosmakhmudov/Library/Developer/Xcode/DerivedData/Ezcar24Business-haghoydrcrynzqannzhndbfshvob/Build/Products/Debug-iphonesimulator/PackageFrameworks -F /Users/shokhabbosmakhmudov/Library/Developer/Xcode/DerivedData/Ezcar24Business-haghoydrcrynzqannzhndbfshvob/Build/Products/Debug-iphonesimulator/PackageFrameworks -F /Users/shokhabbosmakhmudov/Library/Developer/Xcode/DerivedData/Ezcar24Business-haghoydrcrynzqannzhndbfshvob/Build/Products/Debug-iphonesimulator/PackageFrameworks -F /Users/shokhabbosmakhmudov/Library/Developer/Xcode/DerivedData/Ezcar24Business-haghoydrcrynzqannzhndbfshvob/Build/Products/Debug-iphonesimulator/PackageFrameworks -F /Users/shokhabbosmakhmudov/Library/Developer/Xcode/DerivedData/Ezcar24Business-haghoydrcrynzqannzhndbfshvob/Build/Products/Debug-iphonesimulator/PackageFrameworks -F /Users/shokhabbosmakhmudov/Library/Developer/Xcode/DerivedData/Ezcar24Business-haghoydrcrynzqannzhndbfshvob/Build/Products/Debug-iphonesimulator/PackageFrameworks -F /Users/shokhabbosmakhmudov/Library/Developer/Xcode/DerivedData/Ezcar24Business-haghoydrcrynzqannzhndbfshvob/Build/Products/Debug-iphonesimulator/PackageFrameworks -F /Users/shokhabbosmakhmudov/Library/Developer/Xcode/DerivedData/Ezcar24Business-haghoydrcrynzqannzhndbfshvob/Build/Products/Debug-iphonesimulator/PackageFrameworks -F /Users/shokhabbosmakhmudov/Library/Developer/Xcode/DerivedData/Ezcar24Business-haghoydrcrynzqannzhndbfshvob/Build/Products/Debug-iphonesimulator/PackageFrameworks -F /Users/shokhabbosmakhmudov/Library/Developer/Xcode/DerivedData/Ezcar24Business-haghoydrcrynzqannzhndbfshvob/Build/Products/Debug-iphonesimulator -emit-localized-strings -emit-localized-strings-path /Users/shokhabbosmakhmudov/Library/Developer/Xcode/DerivedData/Ezcar24Business-haghoydrcrynzqannzhndbfshvob/Build/Intermediates.noindex/Ezcar24Business.build/Debug-iphonesimulator/Ezcar24Business.build/Objects-normal/arm64 -c -j10 -enable-batch-mode -incremental -Xcc -ivfsstatcache -Xcc /Users/shokhabbosmakhmudov/Library/Developer/Xcode/DerivedData/SDKStatCaches.noindex/iphonesimulator26.1-23B77-90cf18a4295e390e64c810bc6bd7acbc.sdkstatcache -output-file-map /Users/shokhabbosmakhmudov/Library/Developer/Xcode/DerivedData/Ezcar24Business-haghoydrcrynzqannzhndbfshvob/Build/Intermediates.noindex/Ezcar24Business.build/Debug-iphonesimulator/Ezcar24Business.build/Objects-normal/arm64/Ezcar24Business-OutputFileMap.json -use-frontend-parseable-output -save-temps -no-color-diagnostics -explicit-module-build -module-cache-path /Users/shokhabbosmakhmudov/Library/Developer/Xcode/DerivedData/Ezcar24Business-haghoydrcrynzqannzhndbfshvob/Build/Intermediates.noindex/SwiftExplicitPrecompiledModules -clang-scanner-module-cache-path /Users/shokhabbosmakhmudov/Library/Developer/Xcode/DerivedData/ModuleCache.noindex -sdk-module-cache-path /Users/shokhabbosmakhmudov/Library/Developer/Xcode/DerivedData/ModuleCache.noindex -serialize-diagnostics -emit-dependencies -emit-module -emit-module-path /Users/shokhabbosmakhmudov/Library/Developer/Xcode/DerivedData/Ezcar24Business-haghoydrcrynzqannzhndbfshvob/Build/Intermediates.noindex/Ezcar24Business.build/Debug-iphonesimulator/Ezcar24Business.build/Objects-normal/arm64/Ezcar24Business.swiftmodule -validate-clang-modules-once -clang-build-session-file /Users/shokhabbosmakhmudov/Library/Developer/Xcode/DerivedData/ModuleCache.noindex/Session.modulevalidation -Xcc -I/Users/shokhabbosmakhmudov/Library/Developer/Xcode/DerivedData/Ezcar24Business-haghoydrcrynzqannzhndbfshvob/Build/Intermediates.noindex/Ezcar24Business.build/Debug-iphonesimulator/Ezcar24Business.build/swift-overrides.hmap -emit-const-values -Xfrontend -const-gather-protocols-file -Xfrontend /Users/shokhabbosmakhmudov/Library/Developer/Xcode/DerivedData/Ezcar24Business-haghoydrcrynzqannzhndbfshvob/Build/Intermediates.noindex/Ezcar24Business.build/Debug-iphonesimulator/Ezcar24Business.build/Objects-normal/arm64/Ezcar24Business_const_extract_protocols.json -Xcc -iquote -Xcc /Users/shokhabbosmakhmudov/Library/Developer/Xcode/DerivedData/Ezcar24Business-haghoydrcrynzqannzhndbfshvob/Build/Intermediates.noindex/Ezcar24Business.build/Debug-iphonesimulator/Ezcar24Business.build/Ezcar24Business-generated-files.hmap -Xcc -I/Users/shokhabbosmakhmudov/Library/Developer/Xcode/DerivedData/Ezcar24Business-haghoydrcrynzqannzhndbfshvob/Build/Intermediates.noindex/Ezcar24Business.build/Debug-iphonesimulator/Ezcar24Business.build/Ezcar24Business-own-target-headers.hmap -Xcc -I/Users/shokhabbosmakhmudov/Library/Developer/Xcode/DerivedData/Ezcar24Business-haghoydrcrynzqannzhndbfshvob/Build/Intermediates.noindex/Ezcar24Business.build/Debug-iphonesimulator/Ezcar24Business.build/Ezcar24Business-all-non-framework-target-headers.hmap -Xcc -ivfsoverlay -Xcc /Users/shokhabbosmakhmudov/Library/Developer/Xcode/DerivedData/Ezcar24Business-haghoydrcrynzqannzhndbfshvob/Build/Intermediates.noindex/Ezcar24Business.build/Debug-iphonesimulator/Ezcar24Business-7a1319ddcd00cdc1cde80f527e393d38-VFS-iphonesimulator/all-product-headers.yaml -Xcc -iquote -Xcc /Users/shokhabbosmakhmudov/Library/Developer/Xcode/DerivedData/Ezcar24Business-haghoydrcrynzqannzhndbfshvob/Build/Intermediates.noindex/Ezcar24Business.build/Debug-iphonesimulator/Ezcar24Business.build/Ezcar24Business-project-headers.hmap -Xcc -I/Users/shokhabbosmakhmudov/Library/Developer/Xcode/DerivedData/Ezcar24Business-haghoydrcrynzqannzhndbfshvob/Build/Products/Debug-iphonesimulator/include -Xcc -I/Users/shokhabbosmakhmudov/Library/Developer/Xcode/DerivedData/Ezcar24Business-haghoydrcrynzqannzhndbfshvob/Build/Intermediates.noindex/Ezcar24Business.build/Debug-iphonesimulator/Ezcar24Business.build/DerivedSources-normal/arm64 -Xcc -I/Users/shokhabbosmakhmudov/Library/Developer/Xcode/DerivedData/Ezcar24Business-haghoydrcrynzqannzhndbfshvob/Build/Intermediates.noindex/Ezcar24Business.build/Debug-iphonesimulator/Ezcar24Business.build/DerivedSources/arm64 -Xcc -I/Users/shokhabbosmakhmudov/Library/Developer/Xcode/DerivedData/Ezcar24Business-haghoydrcrynzqannzhndbfshvob/Build/Intermediates.noindex/Ezcar24Business.build/Debug-iphonesimulator/Ezcar24Business.build/DerivedSources -Xcc -DDEBUG\=1 -emit-objc-header -emit-objc-header-path /Users/shokhabbosmakhmudov/Library/Developer/Xcode/DerivedData/Ezcar24Business-haghoydrcrynzqannzhndbfshvob/Build/Intermediates.noindex/Ezcar24Business.build/Debug-iphonesimulator/Ezcar24Business.build/Objects-normal/arm64/Ezcar24Business-Swift.h -working-directory /Users/shokhabbosmakhmudov/Desktop/Ezcar24business -experimental-emit-module-separately -disable-cmo

SwiftDriverJobDiscovery normal arm64 Compiling FitToAspectRatio.swift, FooterHidingModifier.swift, ViewExtensions.swift (in target 'RevenueCatUI' from project 'RevenueCat')

SwiftCompile normal arm64 Compiling\ ButtonComponentView.swift,\ ButtonComponentViewModel.swift /Users/shokhabbosmakhmudov/Library/Developer/Xcode/DerivedData/Ezcar24Business-haghoydrcrynzqannzhndbfshvob/SourcePackages/checkouts/purchases-ios/RevenueCatUI/Templates/V2/Components/Button/ButtonComponentView.swift /Users/shokhabbosmakhmudov/Library/Developer/Xcode/DerivedData/Ezcar24Business-haghoydrcrynzqannzhndbfshvob/SourcePackages/checkouts/purchases-ios/RevenueCatUI/Templates/V2/Components/Button/ButtonComponentViewModel.swift (in target 'RevenueCatUI' from project 'RevenueCat')

SwiftCompile normal arm64 /Users/shokhabbosmakhmudov/Library/Developer/Xcode/DerivedData/Ezcar24Business-haghoydrcrynzqannzhndbfshvob/SourcePackages/checkouts/purchases-ios/RevenueCatUI/Templates/V2/Components/Button/ButtonComponentView.swift (in target 'RevenueCatUI' from project 'RevenueCat')
    cd /Users/shokhabbosmakhmudov/Desktop/Ezcar24business/Ezcar24Business.xcodeproj
    

SwiftCompile normal arm64 /Users/shokhabbosmakhmudov/Library/Developer/Xcode/DerivedData/Ezcar24Business-haghoydrcrynzqannzhndbfshvob/SourcePackages/checkouts/purchases-ios/RevenueCatUI/Templates/V2/Components/Button/ButtonComponentViewModel.swift (in target 'RevenueCatUI' from project 'RevenueCat')
    cd /Users/shokhabbosmakhmudov/Desktop/Ezcar24business/Ezcar24Business.xcodeproj
    

SwiftMergeGeneratedHeaders /Users/shokhabbosmakhmudov/Library/Developer/Xcode/DerivedData/Ezcar24Business-haghoydrcrynzqannzhndbfshvob/Build/Intermediates.noindex/Ezcar24Business.build/Debug-iphonesimulator/Ezcar24Business.build/DerivedSources/Ezcar24Business-Swift.h /Users/shokhabbosmakhmudov/Library/Developer/Xcode/DerivedData/Ezcar24Business-haghoydrcrynzqannzhndbfshvob/Build/Intermediates.noindex/Ezcar24Business.build/Debug-iphonesimulator/Ezcar24Business.build/Objects-normal/arm64/Ezcar24Business-Swift.h (in target 'Ezcar24Business' from project 'Ezcar24Business')
    cd /Users/shokhabbosmakhmudov/Desktop/Ezcar24business
    builtin-swiftHeaderTool -arch arm64 /Users/shokhabbosmakhmudov/Library/Developer/Xcode/DerivedData/Ezcar24Business-haghoydrcrynzqannzhndbfshvob/Build/Intermediates.noindex/Ezcar24Business.build/Debug-iphonesimulator/Ezcar24Business.build/Objects-normal/arm64/Ezcar24Business-Swift.h -o /Users/shokhabbosmakhmudov/Library/Developer/Xcode/DerivedData/Ezcar24Business-haghoydrcrynzqannzhndbfshvob/Build/Intermediates.noindex/Ezcar24Business.build/Debug-iphonesimulator/Ezcar24Business.build/DerivedSources/Ezcar24Business-Swift.h

** BUILD FAILED **


The following build commands failed:
	SwiftCompile normal arm64 Compiling\ SupabaseClientProvider.swift,\ CloudSyncManager.swift,\ CloudSyncEnvironment.swift,\ SupabaseModels.swift,\ ClientListView.swift /Users/shokhabbosmakhmudov/Desktop/Ezcar24business/Ezcar24Business/Auth/SupabaseClientProvider.swift /Users/shokhabbosmakhmudov/Desktop/Ezcar24business/Ezcar24Business/Services/CloudSyncManager.swift /Users/shokhabbosmakhmudov/Desktop/Ezcar24business/Ezcar24Business/Services/CloudSyncEnvironment.swift /Users/shokhabbosmakhmudov/Desktop/Ezcar24business/Ezcar24Business/Services/SupabaseModels.swift /Users/shokhabbosmakhmudov/Desktop/Ezcar24business/Ezcar24Business/Views/ClientListView.swift (in target 'Ezcar24Business' from project 'Ezcar24Business')
	SwiftCompile normal arm64 /Users/shokhabbosmakhmudov/Desktop/Ezcar24business/Ezcar24Business/Services/CloudSyncManager.swift (in target 'Ezcar24Business' from project 'Ezcar24Business')
	Building project Ezcar24Business with scheme Ezcar24Business
(3 failures)
